******************************************************************************
                  TI ARM Linker PC v18.1.2                     
******************************************************************************
>> Linked Mon Jul  1 13:00:37 2019

OUTPUT FILE NAME:   <lab_8.out>
ENTRY POINT SYMBOL: "_c_int00_noargs"  address: 000028a1


MEMORY CONFIGURATION

         name            origin    length      used     unused   attr    fill
----------------------  --------  ---------  --------  --------  ----  --------
  FLASH                 00000000   00040000  00002ba5  0003d45b  R  X
  SRAM                  20000000   00008000  00000c59  000073a7  RW X


SEGMENT ALLOCATION MAP

run origin  load origin   length   init length attrs members
----------  ----------- ---------- ----------- ----- -------
00000000    00000000    00002ba8   00002ba8    r-x
  00000000    00000000    0000026c   0000026c    r-- .intvecs
  0000026c    0000026c    00002800   00002800    r-x .text
  00002a6c    00002a6c    00000109   00000109    r-- .const
  00002b78    00002b78    00000030   00000030    r-- .cinit
20000000    20000000    00000c59   00000000    rw-
  20000000    20000000    00000800   00000000    rw- .stack
  20000800    20000800    00000400   00000000    rw- .sysmem
  20000c00    20000c00    00000054   00000000    rw- .bss
  20000c54    20000c54    00000005   00000000    rw- .data


SECTION ALLOCATION MAP

 output                                  attributes/
section   page    origin      length       input sections
--------  ----  ----------  ----------   ----------------
.intvecs   0    00000000    0000026c     
                  00000000    0000026c     tm4c123gh6pm_startup_ccs.obj (.intvecs)

.text      0    0000026c    00002800     
                  0000026c    00000a5e     rtsv7M4_T_le_v4SPD16_eabi.lib : _printfi.c.obj (.text:__TI_printfi)
                  00000cca    00000002                                   : div0.asm.obj (.text)
                  00000ccc    000002ec     lcd.obj (.text)
                  00000fb8    00000270     rtsv7M4_T_le_v4SPD16_eabi.lib : _printfi.c.obj (.text:_pconv_a)
                  00001228    0000022c     servo.obj (.text)
                  00001454    000001d0     rtsv7M4_T_le_v4SPD16_eabi.lib : _printfi.c.obj (.text:_pconv_g)
                  00001624    000001b6                                   : fd_add_t2.asm.obj (.text)
                  000017da    00000002     --HOLE-- [fill = 0]
                  000017dc    000001ac     lab8_template.obj (.text)
                  00001988    00000158     timer.obj (.text)
                  00001ae0    0000013c     rtsv7M4_T_le_v4SPD16_eabi.lib : _printfi.c.obj (.text:_pconv_e)
                  00001c1c    00000136                                   : fd_div_t2.asm.obj (.text)
                  00001d52    00000002     --HOLE-- [fill = 0]
                  00001d54    00000120                                   : _printfi.c.obj (.text:fcvt)
                  00001e74    00000110                                   : s_scalbn.c.obj (.text:scalbn)
                  00001f84    000000fc                                   : fd_mul_t2.asm.obj (.text)
                  00002080    000000b1                                   : _printfi.c.obj (.text:_ltostr)
                  00002131    00000001     --HOLE-- [fill = 0]
                  00002132    0000009c                                   : memcpy_t2.asm.obj (.text)
                  000021ce    00000096                                   : ull_div_t2.asm.obj (.text)
                  00002264    00000086                                   : fd_cmp_t2.asm.obj (.text:__aeabi_cdcmple)
                  000022ea    00000086                                   : fd_cmp_t2.asm.obj (.text:__aeabi_cdrcmple)
                  00002370    0000007a                                   : memset_t2.asm.obj (.text)
                  000023ea    00000002     --HOLE-- [fill = 0]
                  000023ec    00000074     button.obj (.text)
                  00002460    0000006e     rtsv7M4_T_le_v4SPD16_eabi.lib : _printfi.c.obj (.text:_mcpy)
                  000024ce    0000006e                                   : fd_tos_t2.asm.obj (.text)
                  0000253c    00000068                                   : copy_decompress_lzss.c.obj (.text:decompress:lzss:__TI_decompress_lzss)
                  000025a4    00000064                                   : s_frexp.c.obj (.text:frexp)
                  00002608    00000056                                   : _printfi.c.obj (.text:_pconv_f)
                  0000265e    00000054                                   : ltoa.c.obj (.text:ltoa)
                  000026b2    00000052                                   : _printfi.c.obj (.text:_ecpy)
                  00002704    0000004c                                   : atoi.c.obj (.text:atoi)
                  00002750    00000048                                   : fd_toi_t2.asm.obj (.text)
                  00002798    00000044                                   : autoinit.c.obj (.text:__TI_auto_init_nobinit_nopinit:__TI_auto_init_nobinit_nopinit)
                  000027dc    00000044                                   : fd_tou_t2.asm.obj (.text)
                  00002820    00000040                                   : vsnprintf.c.obj (.text:vsnprintf)
                  00002860    0000003e                                   : _printfi.c.obj (.text:_fcpy)
                  0000289e    00000002     --HOLE-- [fill = 0]
                  000028a0    00000038                                   : boot_cortex_m.c.obj (.text:_c_int00_noargs:_c_int00_noargs)
                  000028d8    00000038                                   : fs_tod_t2.asm.obj (.text)
                  00002910    00000030                                   : vsnprintf.c.obj (.text:_outs)
                  00002940    0000002e                                   : i_tofd_t2.asm.obj (.text)
                  0000296e    0000001c                                   : memccpy.c.obj (.text:memccpy)
                  0000298a    00000018                                   : vsnprintf.c.obj (.text:_outc)
                  000029a2    00000018                                   : strcmp.c.obj (.text:strcmp)
                  000029ba    00000016                                   : strchr.c.obj (.text:strchr)
                  000029d0    00000014                                   : s_copysign.c.obj (.text:copysign)
                  000029e4    00000014                                   : strcpy.c.obj (.text:strcpy)
                  000029f8    00000014                                   : strlen.c.obj (.text:strlen)
                  00002a0c    00000012                                   : copy_zero_init.c.obj (.text:decompress:ZI:__TI_zero_init_nomemset:__TI_zero_init_nomemset)
                  00002a1e    00000012                                   : wcslen.c.obj (.text:wcslen)
                  00002a30    00000010     lcd.obj (.text:lcd_clear)
                  00002a40    0000000e     rtsv7M4_T_le_v4SPD16_eabi.lib : copy_decompress_none.c.obj (.text:decompress:none:__TI_decompress_none)
                  00002a4e    0000000c     tm4c123gh6pm_startup_ccs.obj (.text)
                  00002a5a    00000002     --HOLE-- [fill = 0]
                  00002a5c    00000008     rtsv7M4_T_le_v4SPD16_eabi.lib : errno.c.obj (.text:__aeabi_errno_addr)
                  00002a64    00000004                                   : pre_init.c.obj (.text:_system_pre_init)
                  00002a68    00000004                                   : exit.c.obj (.text:abort:abort)

.const     0    00002a6c    00000109     
                  00002a6c    00000101     rtsv7M4_T_le_v4SPD16_eabi.lib : ctype.c.obj (.const:.string:_ctypes_)
                  00002b6d    00000004     lcd.obj (.const:.string:lineAddress$1)
                  00002b71    00000004     lcd.obj (.const:.string:lineAddresses$2)

.cinit     0    00002b78    00000030     
                  00002b78    0000000c     (__TI_handler_table)
                  00002b84    00000004     --HOLE-- [fill = 0]
                  00002b88    00000008     (.cinit..bss.load) [load image, compression = zero_init]
                  00002b90    00000007     (.cinit..data.load) [load image, compression = lzss]
                  00002b97    00000001     --HOLE-- [fill = 0]
                  00002b98    00000010     (__TI_cinit_table)

.init_array 
*          0    00000000    00000000     UNINITIALIZED

.stack     0    20000000    00000800     UNINITIALIZED
                  20000000    00000004     rtsv7M4_T_le_v4SPD16_eabi.lib : boot_cortex_m.c.obj (.stack)
                  20000004    000007fc     --HOLE--

.sysmem    0    20000800    00000400     UNINITIALIZED
                  20000800    00000008     rtsv7M4_T_le_v4SPD16_eabi.lib : memory.c.obj (.sysmem)
                  20000808    000003f8     --HOLE--

.bss       0    20000c00    00000054     UNINITIALIZED
                  20000c00    00000054     lcd.obj (.bss:lastbuffer$3)

.data      0    20000c54    00000005     UNINITIALIZED
                  20000c54    00000004     rtsv7M4_T_le_v4SPD16_eabi.lib : errno.c.obj (.data)
                  20000c58    00000001     button.obj (.data)

MODULE SUMMARY

       Module                         code    ro data   rw data
       ------                         ----    -------   -------
    .\
       lcd.obj                        764     8         84     
       tm4c123gh6pm_startup_ccs.obj   12      620       0      
       servo.obj                      556     0         0      
       lab8_template.obj              428     0         0      
       timer.obj                      344     0         0      
       button.obj                     116     0         1      
    +--+------------------------------+-------+---------+---------+
       Total:                         2220    628       85     
                                                               
    C:\ti\ccsv8\tools\compiler\ti-cgt-arm_18.1.2.LTS\lib\rtsv7M4_T_le_v4SPD16_eabi.lib
       _printfi.c.obj                 4863    0         0      
       fd_add_t2.asm.obj              438     0         0      
       fd_div_t2.asm.obj              310     0         0      
       s_scalbn.c.obj                 272     0         0      
       fd_cmp_t2.asm.obj              268     0         0      
       ctype.c.obj                    0       257       0      
       fd_mul_t2.asm.obj              252     0         0      
       memcpy_t2.asm.obj              156     0         0      
       ull_div_t2.asm.obj             150     0         0      
       vsnprintf.c.obj                136     0         0      
       memset_t2.asm.obj              122     0         0      
       fd_tos_t2.asm.obj              110     0         0      
       copy_decompress_lzss.c.obj     104     0         0      
       s_frexp.c.obj                  100     0         0      
       ltoa.c.obj                     84      0         0      
       atoi.c.obj                     76      0         0      
       fd_toi_t2.asm.obj              72      0         0      
       autoinit.c.obj                 68      0         0      
       fd_tou_t2.asm.obj              68      0         0      
       boot_cortex_m.c.obj            56      0         0      
       fs_tod_t2.asm.obj              56      0         0      
       i_tofd_t2.asm.obj              46      0         0      
       memccpy.c.obj                  28      0         0      
       strcmp.c.obj                   24      0         0      
       strchr.c.obj                   22      0         0      
       s_copysign.c.obj               20      0         0      
       strcpy.c.obj                   20      0         0      
       strlen.c.obj                   20      0         0      
       copy_zero_init.c.obj           18      0         0      
       wcslen.c.obj                   18      0         0      
       copy_decompress_none.c.obj     14      0         0      
       errno.c.obj                    8       0         4      
       exit.c.obj                     4       0         0      
       pre_init.c.obj                 4       0         0      
       div0.asm.obj                   2       0         0      
    +--+------------------------------+-------+---------+---------+
       Total:                         8009    257       4      
                                                               
       Heap:                          0       0         1024   
       Stack:                         0       0         2048   
       Linker Generated:              0       43        0      
    +--+------------------------------+-------+---------+---------+
       Grand Total:                   10229   928       3161   


LINKER GENERATED COPY TABLES

__TI_cinit_table @ 00002b98 records: 2, size/record: 8, table size: 16
	.bss: load addr=00002b88, load size=00000008 bytes, run addr=20000c00, run size=00000054 bytes, compression=zero_init
	.data: load addr=00002b90, load size=00000007 bytes, run addr=20000c54, run size=00000005 bytes, compression=lzss


LINKER GENERATED HANDLER TABLE

__TI_handler_table @ 00002b78 records: 3, size/record: 4, table size: 12
	index: 0, handler: __TI_decompress_lzss
	index: 1, handler: __TI_decompress_none
	index: 2, handler: __TI_zero_init


GLOBAL SYMBOLS: SORTED ALPHABETICALLY BY Name 

address   name                          
-------   ----                          
00002a69  C$$EXIT                       
00002a4f  ResetISR                      
20000800  __STACK_END                   
00000800  __STACK_SIZE                  
20000200  __STACK_TOP                   
00000400  __SYSMEM_SIZE                 
00002b98  __TI_CINIT_Base               
00002ba8  __TI_CINIT_Limit              
00002b78  __TI_Handler_Table_Base       
00002b84  __TI_Handler_Table_Limit      
00002799  __TI_auto_init_nobinit_nopinit
0000253d  __TI_decompress_lzss          
00002a41  __TI_decompress_none          
ffffffff  __TI_pprof_out_hndl           
0000026d  __TI_printfi                  
ffffffff  __TI_prof_data_size           
ffffffff  __TI_prof_data_start          
00000000  __TI_static_base__            
00002a0d  __TI_zero_init_nomemset       
00002265  __aeabi_cdcmpeq               
00002265  __aeabi_cdcmple               
000022eb  __aeabi_cdrcmple              
000024cf  __aeabi_d2f                   
00002751  __aeabi_d2iz                  
000027dd  __aeabi_d2uiz                 
0000162f  __aeabi_dadd                  
00001c1d  __aeabi_ddiv                  
00001f85  __aeabi_dmul                  
00001625  __aeabi_dsub                  
00002a5d  __aeabi_errno_addr            
000028d9  __aeabi_f2d                   
00002941  __aeabi_i2d                   
00000ccb  __aeabi_idiv0                 
00000ccb  __aeabi_ldiv0                 
00002371  __aeabi_memclr                
00002371  __aeabi_memclr4               
00002371  __aeabi_memclr8               
00002133  __aeabi_memcpy                
00002133  __aeabi_memcpy4               
00002133  __aeabi_memcpy8               
00002373  __aeabi_memset                
00002373  __aeabi_memset4               
00002373  __aeabi_memset8               
000021cf  __aeabi_uldivmod              
ffffffff  __binit__                     
ffffffff  __c_args__                    
UNDEFED   __mpu_init                    
20000000  __stack                       
000028a1  _c_int00_noargs               
00002a6c  _ctypes_                      
20000800  _sys_memory                   
UNDEFED   _system_post_cinit            
00002a65  _system_pre_init              
00002a69  abort                         
00002705  atoi                          
ffffffff  binit                         
00002417  button_getButton              
000023ed  button_init                   
000029d1  copysign                      
000029d1  copysignl                     
20000c54  errno                         
000025a5  frexp                         
000025a5  frexpl                        
00000000  g_pfnVectors                  
00002a31  lcd_clear                     
00000e65  lcd_gotoLine                  
00000ccd  lcd_init                      
00000ecb  lcd_printf                    
00000d8d  lcd_putc                      
00000dc5  lcd_puts                      
00000de3  lcd_sendCommand               
00000e21  lcd_sendNibble                
00000e8d  lcd_setCursorPos              
00001e75  ldexp                         
00001e75  ldexpl                        
0000265f  ltoa                          
000017dd  main                          
0000296f  memccpy                       
00002133  memcpy                        
00002379  memset                        
00001e75  scalbn                        
00001e75  scalbnl                       
00001229  servo_init                    
000012bf  servo_move                    
000029bb  strchr                        
000029a3  strcmp                        
000029e5  strcpy                        
000029f9  strlen                        
0000130b  sw1                           
00001343  sw2                           
0000137b  sw3                           
000013b3  sw4                           
000013d1  sw5                           
000013ed  sw6                           
00001a99  timer_getClock                
00001a4d  timer_startClock              
000019e7  timer_startTimer              
00001a9f  timer_stopClock               
00001a37  timer_stopTimer               
000019bd  timer_waitMicros              
00001989  timer_waitMillis              
00002821  vsnprintf                     
00002a1f  wcslen                        


GLOBAL SYMBOLS: SORTED BY Symbol Address 

address   name                          
-------   ----                          
00000000  __TI_static_base__            
00000000  g_pfnVectors                  
0000026d  __TI_printfi                  
00000400  __SYSMEM_SIZE                 
00000800  __STACK_SIZE                  
00000ccb  __aeabi_idiv0                 
00000ccb  __aeabi_ldiv0                 
00000ccd  lcd_init                      
00000d8d  lcd_putc                      
00000dc5  lcd_puts                      
00000de3  lcd_sendCommand               
00000e21  lcd_sendNibble                
00000e65  lcd_gotoLine                  
00000e8d  lcd_setCursorPos              
00000ecb  lcd_printf                    
00001229  servo_init                    
000012bf  servo_move                    
0000130b  sw1                           
00001343  sw2                           
0000137b  sw3                           
000013b3  sw4                           
000013d1  sw5                           
000013ed  sw6                           
00001625  __aeabi_dsub                  
0000162f  __aeabi_dadd                  
000017dd  main                          
00001989  timer_waitMillis              
000019bd  timer_waitMicros              
000019e7  timer_startTimer              
00001a37  timer_stopTimer               
00001a4d  timer_startClock              
00001a99  timer_getClock                
00001a9f  timer_stopClock               
00001c1d  __aeabi_ddiv                  
00001e75  ldexp                         
00001e75  ldexpl                        
00001e75  scalbn                        
00001e75  scalbnl                       
00001f85  __aeabi_dmul                  
00002133  __aeabi_memcpy                
00002133  __aeabi_memcpy4               
00002133  __aeabi_memcpy8               
00002133  memcpy                        
000021cf  __aeabi_uldivmod              
00002265  __aeabi_cdcmpeq               
00002265  __aeabi_cdcmple               
000022eb  __aeabi_cdrcmple              
00002371  __aeabi_memclr                
00002371  __aeabi_memclr4               
00002371  __aeabi_memclr8               
00002373  __aeabi_memset                
00002373  __aeabi_memset4               
00002373  __aeabi_memset8               
00002379  memset                        
000023ed  button_init                   
00002417  button_getButton              
000024cf  __aeabi_d2f                   
0000253d  __TI_decompress_lzss          
000025a5  frexp                         
000025a5  frexpl                        
0000265f  ltoa                          
00002705  atoi                          
00002751  __aeabi_d2iz                  
00002799  __TI_auto_init_nobinit_nopinit
000027dd  __aeabi_d2uiz                 
00002821  vsnprintf                     
000028a1  _c_int00_noargs               
000028d9  __aeabi_f2d                   
00002941  __aeabi_i2d                   
0000296f  memccpy                       
000029a3  strcmp                        
000029bb  strchr                        
000029d1  copysign                      
000029d1  copysignl                     
000029e5  strcpy                        
000029f9  strlen                        
00002a0d  __TI_zero_init_nomemset       
00002a1f  wcslen                        
00002a31  lcd_clear                     
00002a41  __TI_decompress_none          
00002a4f  ResetISR                      
00002a5d  __aeabi_errno_addr            
00002a65  _system_pre_init              
00002a69  C$$EXIT                       
00002a69  abort                         
00002a6c  _ctypes_                      
00002b78  __TI_Handler_Table_Base       
00002b84  __TI_Handler_Table_Limit      
00002b98  __TI_CINIT_Base               
00002ba8  __TI_CINIT_Limit              
20000000  __stack                       
20000200  __STACK_TOP                   
20000800  __STACK_END                   
20000800  _sys_memory                   
20000c54  errno                         
ffffffff  __TI_pprof_out_hndl           
ffffffff  __TI_prof_data_size           
ffffffff  __TI_prof_data_start          
ffffffff  __binit__                     
ffffffff  __c_args__                    
ffffffff  binit                         
UNDEFED   __mpu_init                    
UNDEFED   _system_post_cinit            

[103 symbols]
