******************************************************************************
                  TI ARM Linker PC v18.1.2                     
******************************************************************************
>> Linked Tue Jun 11 14:12:47 2019

OUTPUT FILE NAME:   <lab_4.out>
ENTRY POINT SYMBOL: "_c_int00_noargs"  address: 00002c35


MEMORY CONFIGURATION

         name            origin    length      used     unused   attr    fill
----------------------  --------  ---------  --------  --------  ----  --------
  FLASH                 00000000   00040000  00002fe0  0003d020  R  X
  SRAM                  20000000   00008000  00000f16  000070ea  RW X


SEGMENT ALLOCATION MAP

run origin  load origin   length   init length attrs members
----------  ----------- ---------- ----------- ----- -------
00000000    00000000    00002fe0   00002fe0    r-x
  00000000    00000000    0000026c   0000026c    r-- .intvecs
  0000026c    0000026c    00002c04   00002c04    r-x .text
  00002e70    00002e70    00000130   00000130    r-- .const
  00002fa0    00002fa0    00000040   00000040    r-- .cinit
20000000    20000000    00000f1d   00000000    rw-
  20000000    20000000    0000026c   00000000    rw- .vtable
  20000270    20000270    00000800   00000000    rw- .stack
  20000a70    20000a70    00000400   00000000    rw- .sysmem
  20000e70    20000e70    000000a1   00000000    rw- .bss
  20000f14    20000f14    00000009   00000000    rw- .data


SECTION ALLOCATION MAP

 output                                  attributes/
section   page    origin      length       input sections
--------  ----  ----------  ----------   ----------------
.intvecs   0    00000000    0000026c     
                  00000000    0000026c     tm4c123gh6pm_startup_ccs.obj (.intvecs)

.text      0    0000026c    00002c04     
                  0000026c    00000a5e     rtsv7M4_T_le_v4SPD16_eabi.lib : _printfi.c.obj (.text:__TI_printfi)
                  00000cca    00000002                                   : div0.asm.obj (.text)
                  00000ccc    000002ec     lcd.obj (.text)
                  00000fb8    000002a8     libcybotUART.lib : uart.obj (.text)
                  00001260    00000270     rtsv7M4_T_le_v4SPD16_eabi.lib : _printfi.c.obj (.text:_pconv_a)
                  000014d0    000001d0                                   : _printfi.c.obj (.text:_pconv_g)
                  000016a0    000001bc     libcybotScan.lib : ping.obj (.text)
                  0000185c    000001b6     rtsv7M4_T_le_v4SPD16_eabi.lib : fd_add_t2.asm.obj (.text)
                  00001a12    00000002     --HOLE-- [fill = 0]
                  00001a14    00000158     timer.obj (.text)
                  00001b6c    0000013c     rtsv7M4_T_le_v4SPD16_eabi.lib : _printfi.c.obj (.text:_pconv_e)
                  00001ca8    00000136                                   : fd_div_t2.asm.obj (.text)
                  00001dde    00000002     --HOLE-- [fill = 0]
                  00001de0    00000120                                   : _printfi.c.obj (.text:fcvt)
                  00001f00    00000110                                   : s_scalbn.c.obj (.text:scalbn)
                  00002010    00000108     button.obj (.text)
                  00002118    00000100     lab4_template.obj (.text)
                  00002218    000000fc     rtsv7M4_T_le_v4SPD16_eabi.lib : fd_mul_t2.asm.obj (.text)
                  00002314    000000dc     libcybotScan.lib : ir.obj (.text)
                  000023f0    000000c4                      : servo.obj (.text)
                  000024b4    000000b1     rtsv7M4_T_le_v4SPD16_eabi.lib : _printfi.c.obj (.text:_ltostr)
                  00002565    00000001     --HOLE-- [fill = 0]
                  00002566    0000009c                                   : memcpy_t2.asm.obj (.text)
                  00002602    00000096                                   : ull_div_t2.asm.obj (.text)
                  00002698    00000086                                   : fd_cmp_t2.asm.obj (.text:__aeabi_cdcmple)
                  0000271e    00000086                                   : fd_cmp_t2.asm.obj (.text:__aeabi_cdrcmple)
                  000027a4    0000007a                                   : memset_t2.asm.obj (.text)
                  0000281e    0000006e                                   : _printfi.c.obj (.text:_mcpy)
                  0000288c    00000068                                   : copy_decompress_lzss.c.obj (.text:decompress:lzss:__TI_decompress_lzss)
                  000028f4    00000064                                   : s_frexp.c.obj (.text:frexp)
                  00002958    00000056                                   : _printfi.c.obj (.text:_pconv_f)
                  000029ae    00000054                                   : ltoa.c.obj (.text:ltoa)
                  00002a02    00000052                                   : _printfi.c.obj (.text:_ecpy)
                  00002a54    0000004c                                   : atoi.c.obj (.text:atoi)
                  00002aa0    00000048     libcybotScan.lib : cyBot_Scan.obj (.text)
                  00002ae8    00000048     rtsv7M4_T_le_v4SPD16_eabi.lib : fd_toi_t2.asm.obj (.text)
                  00002b30    00000044                                   : autoinit.c.obj (.text:__TI_auto_init_nobinit_nopinit:__TI_auto_init_nobinit_nopinit)
                  00002b74    00000040                                   : sprintf.c.obj (.text:sprintf)
                  00002bb4    00000040                                   : vsnprintf.c.obj (.text:vsnprintf)
                  00002bf4    0000003e                                   : _printfi.c.obj (.text:_fcpy)
                  00002c32    00000002     --HOLE-- [fill = 0]
                  00002c34    00000038                                   : boot_cortex_m.c.obj (.text:_c_int00_noargs:_c_int00_noargs)
                  00002c6c    00000038                                   : fs_tod_t2.asm.obj (.text)
                  00002ca4    00000034     driverlib.lib : interrupt.obj (.text:IntRegister)
                  00002cd8    00000030     rtsv7M4_T_le_v4SPD16_eabi.lib : vsnprintf.c.obj (.text:_outs)
                  00002d08    0000002e                                   : i_tofd_t2.asm.obj (.text)
                  00002d36    0000001c                                   : memccpy.c.obj (.text:memccpy)
                  00002d52    00000018                                   : vsnprintf.c.obj (.text:_outc)
                  00002d6a    00000018                                   : sprintf.c.obj (.text:_outs)
                  00002d82    00000018                                   : strcmp.c.obj (.text:strcmp)
                  00002d9a    00000016                                   : strchr.c.obj (.text:strchr)
                  00002db0    00000014                                   : s_copysign.c.obj (.text:copysign)
                  00002dc4    00000014                                   : strcpy.c.obj (.text:strcpy)
                  00002dd8    00000014                                   : strlen.c.obj (.text:strlen)
                  00002dec    00000012                                   : copy_zero_init.c.obj (.text:decompress:ZI:__TI_zero_init_nomemset:__TI_zero_init_nomemset)
                  00002dfe    00000012                                   : wcslen.c.obj (.text:wcslen)
                  00002e10    00000010     driverlib.lib : interrupt.obj (.text:IntMasterEnable)
                  00002e20    00000010     lcd.obj (.text:lcd_clear)
                  00002e30    0000000e     rtsv7M4_T_le_v4SPD16_eabi.lib : copy_decompress_none.c.obj (.text:decompress:none:__TI_decompress_none)
                  00002e3e    0000000c     driverlib.lib : cpu.obj (.text:CPUcpsie)
                  00002e4a    0000000c     tm4c123gh6pm_startup_ccs.obj (.text)
                  00002e56    0000000a     rtsv7M4_T_le_v4SPD16_eabi.lib : sprintf.c.obj (.text:_outc)
                  00002e60    00000008                                   : errno.c.obj (.text:__aeabi_errno_addr)
                  00002e68    00000004                                   : pre_init.c.obj (.text:_system_pre_init)
                  00002e6c    00000004                                   : exit.c.obj (.text:abort:abort)

.const     0    00002e70    00000130     
                  00002e70    00000101     rtsv7M4_T_le_v4SPD16_eabi.lib : ctype.c.obj (.const:.string:_ctypes_)
                  00002f71    00000025     lab4_template.obj (.const:.string:$P$T1$2)
                  00002f96    00000004     lcd.obj (.const:.string:lineAddress$1)
                  00002f9a    00000004     lcd.obj (.const:.string:lineAddresses$2)
                  00002f9e    00000002     lab4_template.obj (.const:.string:$P$T0$1)

.cinit     0    00002fa0    00000040     
                  00002fa0    0000000c     (__TI_handler_table)
                  00002fac    00000004     --HOLE-- [fill = 0]
                  00002fb0    00000008     (.cinit..bss.load) [load image, compression = zero_init]
                  00002fb8    00000008     (.cinit..vtable.load) [load image, compression = zero_init]
                  00002fc0    00000007     (.cinit..data.load) [load image, compression = lzss]
                  00002fc7    00000001     --HOLE-- [fill = 0]
                  00002fc8    00000018     (__TI_cinit_table)

.init_array 
*          0    00000000    00000000     UNINITIALIZED

.vtable    0    20000000    0000026c     UNINITIALIZED
                  20000000    0000026c     driverlib.lib : interrupt.obj (.vtable)

.stack     0    20000270    00000800     UNINITIALIZED
                  20000270    00000004     rtsv7M4_T_le_v4SPD16_eabi.lib : boot_cortex_m.c.obj (.stack)
                  20000274    000007fc     --HOLE--

.sysmem    0    20000a70    00000400     UNINITIALIZED
                  20000a70    00000008     rtsv7M4_T_le_v4SPD16_eabi.lib : memory.c.obj (.sysmem)
                  20000a78    000003f8     --HOLE--

.bss       0    20000e70    000000a1     UNINITIALIZED
                  20000e70    00000054     lcd.obj (.bss:lastbuffer$3)
                  20000ec4    00000034     (.common:isr_char_buffer)
                  20000ef8    00000004     (.common:button_event_ptr)
                  20000efc    00000004     (.common:button_num_ptr)
                  20000f00    00000004     (.common:fallingEdge)
                  20000f04    00000004     (.common:isr_int_value)
                  20000f08    00000004     (.common:pulseLength)
                  20000f0c    00000004     (.common:risingEdge)
                  20000f10    00000001     (.common:isRisingEdge)

.data      0    20000f14    00000009     UNINITIALIZED
                  20000f14    00000004     libcybotUART.lib : uart.obj (.data)
                  20000f18    00000004     rtsv7M4_T_le_v4SPD16_eabi.lib : errno.c.obj (.data)
                  20000f1c    00000001     button.obj (.data)

MODULE SUMMARY

       Module                         code    ro data   rw data
       ------                         ----    -------   -------
    .\
       lcd.obj                        764     8         84     
       tm4c123gh6pm_startup_ccs.obj   12      620       0      
       timer.obj                      344     0         0      
       lab4_template.obj              256     39        0      
       button.obj                     264     0         9      
    +--+------------------------------+-------+---------+---------+
       Total:                         1640    667       93     
                                                               
    ../libcybotScan.lib
       ping.obj                       444     0         13     
       ir.obj                         220     0         4      
       servo.obj                      196     0         0      
       cyBot_Scan.obj                 72      0         0      
    +--+------------------------------+-------+---------+---------+
       Total:                         932     0         17     
                                                               
    ../libcybotUART.lib
       uart.obj                       680     0         56     
    +--+------------------------------+-------+---------+---------+
       Total:                         680     0         56     
                                                               
    C:/ti/TivaWare_C_Series-2.1.4.178/driverlib/ccs/Debug/driverlib.lib
       interrupt.obj                  68      0         620    
       cpu.obj                        12      0         0      
    +--+------------------------------+-------+---------+---------+
       Total:                         80      0         620    
                                                               
    C:\ti\ccsv8\tools\compiler\ti-cgt-arm_18.1.2.LTS\lib\rtsv7M4_T_le_v4SPD16_eabi.lib
       _printfi.c.obj                 4863    0         0      
       fd_add_t2.asm.obj              438     0         0      
       fd_div_t2.asm.obj              310     0         0      
       s_scalbn.c.obj                 272     0         0      
       fd_cmp_t2.asm.obj              268     0         0      
       ctype.c.obj                    0       257       0      
       fd_mul_t2.asm.obj              252     0         0      
       memcpy_t2.asm.obj              156     0         0      
       ull_div_t2.asm.obj             150     0         0      
       vsnprintf.c.obj                136     0         0      
       memset_t2.asm.obj              122     0         0      
       copy_decompress_lzss.c.obj     104     0         0      
       s_frexp.c.obj                  100     0         0      
       sprintf.c.obj                  98      0         0      
       ltoa.c.obj                     84      0         0      
       atoi.c.obj                     76      0         0      
       fd_toi_t2.asm.obj              72      0         0      
       autoinit.c.obj                 68      0         0      
       boot_cortex_m.c.obj            56      0         0      
       fs_tod_t2.asm.obj              56      0         0      
       i_tofd_t2.asm.obj              46      0         0      
       memccpy.c.obj                  28      0         0      
       strcmp.c.obj                   24      0         0      
       strchr.c.obj                   22      0         0      
       s_copysign.c.obj               20      0         0      
       strcpy.c.obj                   20      0         0      
       strlen.c.obj                   20      0         0      
       copy_zero_init.c.obj           18      0         0      
       wcslen.c.obj                   18      0         0      
       copy_decompress_none.c.obj     14      0         0      
       errno.c.obj                    8       0         4      
       exit.c.obj                     4       0         0      
       pre_init.c.obj                 4       0         0      
       div0.asm.obj                   2       0         0      
    +--+------------------------------+-------+---------+---------+
       Total:                         7929    257       4      
                                                               
       Heap:                          0       0         1024   
       Stack:                         0       0         2048   
       Linker Generated:              0       59        0      
    +--+------------------------------+-------+---------+---------+
       Grand Total:                   11261   983       3862   


LINKER GENERATED COPY TABLES

__TI_cinit_table @ 00002fc8 records: 3, size/record: 8, table size: 24
	.bss: load addr=00002fb0, load size=00000008 bytes, run addr=20000e70, run size=000000a1 bytes, compression=zero_init
	.vtable: load addr=00002fb8, load size=00000008 bytes, run addr=20000000, run size=0000026c bytes, compression=zero_init
	.data: load addr=00002fc0, load size=00000007 bytes, run addr=20000f14, run size=00000009 bytes, compression=lzss


LINKER GENERATED HANDLER TABLE

__TI_handler_table @ 00002fa0 records: 3, size/record: 4, table size: 12
	index: 0, handler: __TI_zero_init
	index: 1, handler: __TI_decompress_lzss
	index: 2, handler: __TI_decompress_none


GLOBAL SYMBOLS: SORTED ALPHABETICALLY BY Name 

address   name                          
-------   ----                          
000023c1  ADC0SS0_Handler               
00002e6d  C$$EXIT                       
00002e3f  CPUcpsie                      
00002e11  IntMasterEnable               
00002ca5  IntRegister                   
00002e4b  ResetISR                      
000017dd  TIMER3B_Handler               
20000a70  __STACK_END                   
00000800  __STACK_SIZE                  
20000470  __STACK_TOP                   
00000400  __SYSMEM_SIZE                 
00002fc8  __TI_CINIT_Base               
00002fe0  __TI_CINIT_Limit              
00002fa0  __TI_Handler_Table_Base       
00002fac  __TI_Handler_Table_Limit      
00002b31  __TI_auto_init_nobinit_nopinit
0000288d  __TI_decompress_lzss          
00002e31  __TI_decompress_none          
ffffffff  __TI_pprof_out_hndl           
0000026d  __TI_printfi                  
ffffffff  __TI_prof_data_size           
ffffffff  __TI_prof_data_start          
00000000  __TI_static_base__            
00002ded  __TI_zero_init_nomemset       
00002699  __aeabi_cdcmpeq               
00002699  __aeabi_cdcmple               
0000271f  __aeabi_cdrcmple              
00002ae9  __aeabi_d2iz                  
00001867  __aeabi_dadd                  
00001ca9  __aeabi_ddiv                  
00002219  __aeabi_dmul                  
0000185d  __aeabi_dsub                  
00002e61  __aeabi_errno_addr            
00002c6d  __aeabi_f2d                   
00002d09  __aeabi_i2d                   
00000ccb  __aeabi_idiv0                 
00000ccb  __aeabi_ldiv0                 
000027a5  __aeabi_memclr                
000027a5  __aeabi_memclr4               
000027a5  __aeabi_memclr8               
00002567  __aeabi_memcpy                
00002567  __aeabi_memcpy4               
00002567  __aeabi_memcpy8               
000027a7  __aeabi_memset                
000027a7  __aeabi_memset4               
000027a7  __aeabi_memset8               
00002603  __aeabi_uldivmod              
ffffffff  __binit__                     
ffffffff  __c_args__                    
UNDEFED   __mpu_init                    
20000270  __stack                       
00002c35  _c_int00_noargs               
00002e70  _ctypes_                      
20000a70  _sys_memory                   
UNDEFED   _system_post_cinit            
00002e69  _system_pre_init              
00002e6d  abort                         
00002a55  atoi                          
ffffffff  binit                         
20000ef8  button_event_ptr              
000020af  button_getButton              
00002011  button_init                   
20000efc  button_num_ptr                
00002db1  copysign                      
00002db1  copysignl                     
00002ab1  cyBOT_Scan                    
00002aa1  cyBOT_init_Scan               
00001205  cyBot_UART1_Handler           
000011f7  cyBot_getByte_blocking        
000011d7  cyBot_getByte_nonblocking     
00000fb9  cyBot_sendByte                
000011bd  cyBot_uart_flush              
00001127  cyBot_uart_init               
000010c7  cyBot_uart_init_PHJ_first_half
0000106f  cyBot_uart_init_clean         
00000ff7  cyBot_uart_init_last_half     
00000fdf  cyBot_uart_sendBuffer         
00000fc5  cyBot_uart_sendStr            
20000f18  errno                         
20000f00  fallingEdge                   
000028f5  frexp                         
000028f5  frexpl                        
20000000  g_pfnRAMVectors               
00000000  g_pfnVectors                  
00002093  gpioe_handler                 
0000203b  init_button_interrupts        
00002391  ir_enableInterrupt            
00002389  ir_getDistance                
00002375  ir_getValue                   
00002315  ir_init                       
20000f10  isRisingEdge                  
20000ec4  isr_char_buffer               
20000f14  isr_counter                   
20000f04  isr_int_value                 
00002e21  lcd_clear                     
00000e65  lcd_gotoLine                  
00000ccd  lcd_init                      
00000ecb  lcd_printf                    
00000d8d  lcd_putc                      
00000dc5  lcd_puts                      
00000de3  lcd_sendCommand               
00000e21  lcd_sendNibble                
00000e8d  lcd_setCursorPos              
00001f01  ldexp                         
00001f01  ldexpl                        
000029af  ltoa                          
00002119  main                          
00002d37  memccpy                       
00002567  memcpy                        
000027ad  memset                        
000017a7  ping_getDistance              
00001705  ping_init                     
000016a1  ping_trigger                  
20000f08  pulseLength                   
20000f0c  risingEdge                    
00001f01  scalbn                        
00001f01  scalbnl                       
0000242f  servo_init                    
0000240f  servo_move                    
000023fd  servo_setPWM                  
000023f1  servo_stop                    
00002b75  sprintf                       
00002d9b  strchr                        
00002d83  strcmp                        
00002dc5  strcpy                        
00002dd9  strlen                        
00001b25  timer_getClock                
00001ad9  timer_startClock              
00001a73  timer_startTimer              
00001b2b  timer_stopClock               
00001ac3  timer_stopTimer               
00001a49  timer_waitMicros              
00001a15  timer_waitMillis              
00002bb5  vsnprintf                     
00002dff  wcslen                        


GLOBAL SYMBOLS: SORTED BY Symbol Address 

address   name                          
-------   ----                          
00000000  __TI_static_base__            
00000000  g_pfnVectors                  
0000026d  __TI_printfi                  
00000400  __SYSMEM_SIZE                 
00000800  __STACK_SIZE                  
00000ccb  __aeabi_idiv0                 
00000ccb  __aeabi_ldiv0                 
00000ccd  lcd_init                      
00000d8d  lcd_putc                      
00000dc5  lcd_puts                      
00000de3  lcd_sendCommand               
00000e21  lcd_sendNibble                
00000e65  lcd_gotoLine                  
00000e8d  lcd_setCursorPos              
00000ecb  lcd_printf                    
00000fb9  cyBot_sendByte                
00000fc5  cyBot_uart_sendStr            
00000fdf  cyBot_uart_sendBuffer         
00000ff7  cyBot_uart_init_last_half     
0000106f  cyBot_uart_init_clean         
000010c7  cyBot_uart_init_PHJ_first_half
00001127  cyBot_uart_init               
000011bd  cyBot_uart_flush              
000011d7  cyBot_getByte_nonblocking     
000011f7  cyBot_getByte_blocking        
00001205  cyBot_UART1_Handler           
000016a1  ping_trigger                  
00001705  ping_init                     
000017a7  ping_getDistance              
000017dd  TIMER3B_Handler               
0000185d  __aeabi_dsub                  
00001867  __aeabi_dadd                  
00001a15  timer_waitMillis              
00001a49  timer_waitMicros              
00001a73  timer_startTimer              
00001ac3  timer_stopTimer               
00001ad9  timer_startClock              
00001b25  timer_getClock                
00001b2b  timer_stopClock               
00001ca9  __aeabi_ddiv                  
00001f01  ldexp                         
00001f01  ldexpl                        
00001f01  scalbn                        
00001f01  scalbnl                       
00002011  button_init                   
0000203b  init_button_interrupts        
00002093  gpioe_handler                 
000020af  button_getButton              
00002119  main                          
00002219  __aeabi_dmul                  
00002315  ir_init                       
00002375  ir_getValue                   
00002389  ir_getDistance                
00002391  ir_enableInterrupt            
000023c1  ADC0SS0_Handler               
000023f1  servo_stop                    
000023fd  servo_setPWM                  
0000240f  servo_move                    
0000242f  servo_init                    
00002567  __aeabi_memcpy                
00002567  __aeabi_memcpy4               
00002567  __aeabi_memcpy8               
00002567  memcpy                        
00002603  __aeabi_uldivmod              
00002699  __aeabi_cdcmpeq               
00002699  __aeabi_cdcmple               
0000271f  __aeabi_cdrcmple              
000027a5  __aeabi_memclr                
000027a5  __aeabi_memclr4               
000027a5  __aeabi_memclr8               
000027a7  __aeabi_memset                
000027a7  __aeabi_memset4               
000027a7  __aeabi_memset8               
000027ad  memset                        
0000288d  __TI_decompress_lzss          
000028f5  frexp                         
000028f5  frexpl                        
000029af  ltoa                          
00002a55  atoi                          
00002aa1  cyBOT_init_Scan               
00002ab1  cyBOT_Scan                    
00002ae9  __aeabi_d2iz                  
00002b31  __TI_auto_init_nobinit_nopinit
00002b75  sprintf                       
00002bb5  vsnprintf                     
00002c35  _c_int00_noargs               
00002c6d  __aeabi_f2d                   
00002ca5  IntRegister                   
00002d09  __aeabi_i2d                   
00002d37  memccpy                       
00002d83  strcmp                        
00002d9b  strchr                        
00002db1  copysign                      
00002db1  copysignl                     
00002dc5  strcpy                        
00002dd9  strlen                        
00002ded  __TI_zero_init_nomemset       
00002dff  wcslen                        
00002e11  IntMasterEnable               
00002e21  lcd_clear                     
00002e31  __TI_decompress_none          
00002e3f  CPUcpsie                      
00002e4b  ResetISR                      
00002e61  __aeabi_errno_addr            
00002e69  _system_pre_init              
00002e6d  C$$EXIT                       
00002e6d  abort                         
00002e70  _ctypes_                      
00002fa0  __TI_Handler_Table_Base       
00002fac  __TI_Handler_Table_Limit      
00002fc8  __TI_CINIT_Base               
00002fe0  __TI_CINIT_Limit              
20000000  g_pfnRAMVectors               
20000270  __stack                       
20000470  __STACK_TOP                   
20000a70  __STACK_END                   
20000a70  _sys_memory                   
20000ec4  isr_char_buffer               
20000ef8  button_event_ptr              
20000efc  button_num_ptr                
20000f00  fallingEdge                   
20000f04  isr_int_value                 
20000f08  pulseLength                   
20000f0c  risingEdge                    
20000f10  isRisingEdge                  
20000f14  isr_counter                   
20000f18  errno                         
ffffffff  __TI_pprof_out_hndl           
ffffffff  __TI_prof_data_size           
ffffffff  __TI_prof_data_start          
ffffffff  __binit__                     
ffffffff  __c_args__                    
ffffffff  binit                         
UNDEFED   __mpu_init                    
UNDEFED   _system_post_cinit            

[135 symbols]
