******************************************************************************
                  TI ARM Linker PC v18.1.2                     
******************************************************************************
>> Linked Fri Jun 14 13:32:23 2019

OUTPUT FILE NAME:   <lab_5.out>
ENTRY POINT SYMBOL: "_c_int00_noargs"  address: 00002599


MEMORY CONFIGURATION

         name            origin    length      used     unused   attr    fill
----------------------  --------  ---------  --------  --------  ----  --------
  FLASH                 00000000   00040000  000028d5  0003d72b  R  X
  SRAM                  20000000   00008000  00000ac4  0000753c  RW X


SEGMENT ALLOCATION MAP

run origin  load origin   length   init length attrs members
----------  ----------- ---------- ----------- ----- -------
00000000    00000000    000028d8   000028d8    r-x
  00000000    00000000    0000026c   0000026c    r-- .intvecs
  0000026c    0000026c    00002520   00002520    r-x .text
  0000278c    0000278c    00000109   00000109    r-- .const
  00002898    00002898    00000040   00000040    r-- .cinit
20000000    20000000    00000ac4   00000000    rw-
  20000000    20000000    0000026c   00000000    rw- .vtable
  2000026c    2000026c    00000004   00000000    rw- .data
  20000270    20000270    00000800   00000000    rw- .stack
  20000a70    20000a70    00000054   00000000    rw- .bss


SECTION ALLOCATION MAP

 output                                  attributes/
section   page    origin      length       input sections
--------  ----  ----------  ----------   ----------------
.intvecs   0    00000000    0000026c     
                  00000000    0000026c     tm4c123gh6pm_startup_ccs.obj (.intvecs)

.text      0    0000026c    00002520     
                  0000026c    00000a5e     rtsv7M4_T_le_v4SPD16_eabi.lib : _printfi.c.obj (.text:__TI_printfi)
                  00000cca    00000002                                   : div0.asm.obj (.text)
                  00000ccc    000002ec     lcd.obj (.text)
                  00000fb8    00000270     rtsv7M4_T_le_v4SPD16_eabi.lib : _printfi.c.obj (.text:_pconv_a)
                  00001228    000001f8     uart.obj (.text)
                  00001420    000001d0     rtsv7M4_T_le_v4SPD16_eabi.lib : _printfi.c.obj (.text:_pconv_g)
                  000015f0    000001b6                                   : fd_add_t2.asm.obj (.text)
                  000017a6    00000002     --HOLE-- [fill = 0]
                  000017a8    00000158     timer.obj (.text)
                  00001900    0000013c     rtsv7M4_T_le_v4SPD16_eabi.lib : _printfi.c.obj (.text:_pconv_e)
                  00001a3c    00000136                                   : fd_div_t2.asm.obj (.text)
                  00001b72    00000002     --HOLE-- [fill = 0]
                  00001b74    00000120                                   : _printfi.c.obj (.text:fcvt)
                  00001c94    00000110                                   : s_scalbn.c.obj (.text:scalbn)
                  00001da4    000000fc                                   : fd_mul_t2.asm.obj (.text)
                  00001ea0    000000b1                                   : _printfi.c.obj (.text:_ltostr)
                  00001f51    00000001     --HOLE-- [fill = 0]
                  00001f52    0000009c                                   : memcpy_t2.asm.obj (.text)
                  00001fee    00000096                                   : ull_div_t2.asm.obj (.text)
                  00002084    00000086                                   : fd_cmp_t2.asm.obj (.text:__aeabi_cdcmple)
                  0000210a    00000086                                   : fd_cmp_t2.asm.obj (.text:__aeabi_cdrcmple)
                  00002190    0000007a                                   : memset_t2.asm.obj (.text)
                  0000220a    0000006e                                   : _printfi.c.obj (.text:_mcpy)
                  00002278    00000068                                   : copy_decompress_lzss.c.obj (.text:decompress:lzss:__TI_decompress_lzss)
                  000022e0    00000064                                   : s_frexp.c.obj (.text:frexp)
                  00002344    00000056                                   : _printfi.c.obj (.text:_pconv_f)
                  0000239a    00000054                                   : ltoa.c.obj (.text:ltoa)
                  000023ee    00000052                                   : _printfi.c.obj (.text:_ecpy)
                  00002440    0000004c                                   : atoi.c.obj (.text:atoi)
                  0000248c    00000048                                   : fd_toi_t2.asm.obj (.text)
                  000024d4    00000044                                   : autoinit.c.obj (.text:__TI_auto_init_nobinit_nopinit:__TI_auto_init_nobinit_nopinit)
                  00002518    00000040                                   : vsnprintf.c.obj (.text:vsnprintf)
                  00002558    0000003e                                   : _printfi.c.obj (.text:_fcpy)
                  00002596    00000002     --HOLE-- [fill = 0]
                  00002598    00000038                                   : boot_cortex_m.c.obj (.text:_c_int00_noargs:_c_int00_noargs)
                  000025d0    00000034     driverlib.lib : interrupt.obj (.text:IntRegister)
                  00002604    00000030     rtsv7M4_T_le_v4SPD16_eabi.lib : vsnprintf.c.obj (.text:_outs)
                  00002634    0000002e                                   : i_tofd_t2.asm.obj (.text)
                  00002662    0000001c                                   : memccpy.c.obj (.text:memccpy)
                  0000267e    00000018                                   : vsnprintf.c.obj (.text:_outc)
                  00002696    00000018                                   : strcmp.c.obj (.text:strcmp)
                  000026ae    00000016                                   : strchr.c.obj (.text:strchr)
                  000026c4    00000014                                   : s_copysign.c.obj (.text:copysign)
                  000026d8    00000014                                   : strcpy.c.obj (.text:strcpy)
                  000026ec    00000014                                   : strlen.c.obj (.text:strlen)
                  00002700    00000012                                   : copy_zero_init.c.obj (.text:decompress:ZI:__TI_zero_init_nomemset:__TI_zero_init_nomemset)
                  00002712    00000012     lab5_template.obj (.text)
                  00002724    00000012     rtsv7M4_T_le_v4SPD16_eabi.lib : wcslen.c.obj (.text:wcslen)
                  00002736    00000010     driverlib.lib : interrupt.obj (.text:IntMasterEnable)
                  00002746    00000010     lcd.obj (.text:lcd_clear)
                  00002756    0000000e     rtsv7M4_T_le_v4SPD16_eabi.lib : copy_decompress_none.c.obj (.text:decompress:none:__TI_decompress_none)
                  00002764    0000000c     driverlib.lib : cpu.obj (.text:CPUcpsie)
                  00002770    0000000c     tm4c123gh6pm_startup_ccs.obj (.text)
                  0000277c    00000008     rtsv7M4_T_le_v4SPD16_eabi.lib : errno.c.obj (.text:__aeabi_errno_addr)
                  00002784    00000004                                   : pre_init.c.obj (.text:_system_pre_init)
                  00002788    00000004                                   : exit.c.obj (.text:abort:abort)

.const     0    0000278c    00000109     
                  0000278c    00000101     rtsv7M4_T_le_v4SPD16_eabi.lib : ctype.c.obj (.const:.string:_ctypes_)
                  0000288d    00000004     lcd.obj (.const:.string:lineAddress$1)
                  00002891    00000004     lcd.obj (.const:.string:lineAddresses$2)

.cinit     0    00002898    00000040     
                  00002898    0000000c     (__TI_handler_table)
                  000028a4    00000004     --HOLE-- [fill = 0]
                  000028a8    00000008     (.cinit..bss.load) [load image, compression = zero_init]
                  000028b0    00000008     (.cinit..vtable.load) [load image, compression = zero_init]
                  000028b8    00000007     (.cinit..data.load) [load image, compression = lzss]
                  000028bf    00000001     --HOLE-- [fill = 0]
                  000028c0    00000018     (__TI_cinit_table)

.init_array 
*          0    00000000    00000000     UNINITIALIZED

.vtable    0    20000000    0000026c     UNINITIALIZED
                  20000000    0000026c     driverlib.lib : interrupt.obj (.vtable)

.data      0    2000026c    00000004     UNINITIALIZED
                  2000026c    00000004     rtsv7M4_T_le_v4SPD16_eabi.lib : errno.c.obj (.data)

.bss       0    20000a70    00000054     UNINITIALIZED
                  20000a70    00000054     lcd.obj (.bss:lastbuffer$3)

.stack     0    20000270    00000800     UNINITIALIZED
                  20000270    00000004     rtsv7M4_T_le_v4SPD16_eabi.lib : boot_cortex_m.c.obj (.stack)
                  20000274    000007fc     --HOLE--

MODULE SUMMARY

       Module                         code   ro data   rw data
       ------                         ----   -------   -------
    .\
       lcd.obj                        764    8         84     
       tm4c123gh6pm_startup_ccs.obj   12     620       0      
       uart.obj                       504    0         0      
       timer.obj                      344    0         0      
       lab5_template.obj              18     0         0      
    +--+------------------------------+------+---------+---------+
       Total:                         1642   628       84     
                                                              
    C:/ti/TivaWare_C_Series-2.1.4.178/driverlib/ccs/Debug/driverlib.lib
       interrupt.obj                  68     0         620    
       cpu.obj                        12     0         0      
    +--+------------------------------+------+---------+---------+
       Total:                         80     0         620    
                                                              
    C:\ti\ccsv8\tools\compiler\ti-cgt-arm_18.1.2.LTS\lib\rtsv7M4_T_le_v4SPD16_eabi.lib
       _printfi.c.obj                 4863   0         0      
       fd_add_t2.asm.obj              438    0         0      
       fd_div_t2.asm.obj              310    0         0      
       s_scalbn.c.obj                 272    0         0      
       fd_cmp_t2.asm.obj              268    0         0      
       ctype.c.obj                    0      257       0      
       fd_mul_t2.asm.obj              252    0         0      
       memcpy_t2.asm.obj              156    0         0      
       ull_div_t2.asm.obj             150    0         0      
       vsnprintf.c.obj                136    0         0      
       memset_t2.asm.obj              122    0         0      
       copy_decompress_lzss.c.obj     104    0         0      
       s_frexp.c.obj                  100    0         0      
       ltoa.c.obj                     84     0         0      
       atoi.c.obj                     76     0         0      
       fd_toi_t2.asm.obj              72     0         0      
       autoinit.c.obj                 68     0         0      
       boot_cortex_m.c.obj            56     0         0      
       i_tofd_t2.asm.obj              46     0         0      
       memccpy.c.obj                  28     0         0      
       strcmp.c.obj                   24     0         0      
       strchr.c.obj                   22     0         0      
       s_copysign.c.obj               20     0         0      
       strcpy.c.obj                   20     0         0      
       strlen.c.obj                   20     0         0      
       copy_zero_init.c.obj           18     0         0      
       wcslen.c.obj                   18     0         0      
       copy_decompress_none.c.obj     14     0         0      
       errno.c.obj                    8      0         4      
       exit.c.obj                     4      0         0      
       pre_init.c.obj                 4      0         0      
       div0.asm.obj                   2      0         0      
    +--+------------------------------+------+---------+---------+
       Total:                         7775   257       4      
                                                              
       Stack:                         0      0         2048   
       Linker Generated:              0      59        0      
    +--+------------------------------+------+---------+---------+
       Grand Total:                   9497   944       2756   


LINKER GENERATED COPY TABLES

__TI_cinit_table @ 000028c0 records: 3, size/record: 8, table size: 24
	.bss: load addr=000028a8, load size=00000008 bytes, run addr=20000a70, run size=00000054 bytes, compression=zero_init
	.vtable: load addr=000028b0, load size=00000008 bytes, run addr=20000000, run size=0000026c bytes, compression=zero_init
	.data: load addr=000028b8, load size=00000007 bytes, run addr=2000026c, run size=00000004 bytes, compression=lzss


LINKER GENERATED HANDLER TABLE

__TI_handler_table @ 00002898 records: 3, size/record: 4, table size: 12
	index: 0, handler: __TI_zero_init
	index: 1, handler: __TI_decompress_lzss
	index: 2, handler: __TI_decompress_none


GLOBAL SYMBOLS: SORTED ALPHABETICALLY BY Name 

address   name                          
-------   ----                          
00002789  C$$EXIT                       
00002765  CPUcpsie                      
00002737  IntMasterEnable               
000025d1  IntRegister                   
00002771  ResetISR                      
000012f7  UART1_Handler                 
20000a70  __STACK_END                   
00000800  __STACK_SIZE                  
20000470  __STACK_TOP                   
000028c0  __TI_CINIT_Base               
000028d8  __TI_CINIT_Limit              
00002898  __TI_Handler_Table_Base       
000028a4  __TI_Handler_Table_Limit      
000024d5  __TI_auto_init_nobinit_nopinit
00002279  __TI_decompress_lzss          
00002757  __TI_decompress_none          
ffffffff  __TI_pprof_out_hndl           
0000026d  __TI_printfi                  
ffffffff  __TI_prof_data_size           
ffffffff  __TI_prof_data_start          
00000000  __TI_static_base__            
00002701  __TI_zero_init_nomemset       
00002085  __aeabi_cdcmpeq               
00002085  __aeabi_cdcmple               
0000210b  __aeabi_cdrcmple              
0000248d  __aeabi_d2iz                  
000015fb  __aeabi_dadd                  
00001a3d  __aeabi_ddiv                  
00001da5  __aeabi_dmul                  
000015f1  __aeabi_dsub                  
0000277d  __aeabi_errno_addr            
00002635  __aeabi_i2d                   
00000ccb  __aeabi_idiv0                 
00000ccb  __aeabi_ldiv0                 
00002191  __aeabi_memclr                
00002191  __aeabi_memclr4               
00002191  __aeabi_memclr8               
00001f53  __aeabi_memcpy                
00001f53  __aeabi_memcpy4               
00001f53  __aeabi_memcpy8               
00002193  __aeabi_memset                
00002193  __aeabi_memset4               
00002193  __aeabi_memset8               
00001fef  __aeabi_uldivmod              
ffffffff  __binit__                     
ffffffff  __c_args__                    
UNDEFED   __mpu_init                    
20000270  __stack                       
00002599  _c_int00_noargs               
0000278c  _ctypes_                      
UNDEFED   _system_post_cinit            
00002785  _system_pre_init              
00002789  abort                         
00002441  atoi                          
ffffffff  binit                         
000026c5  copysign                      
000026c5  copysignl                     
2000026c  errno                         
000022e1  frexp                         
000022e1  frexpl                        
20000000  g_pfnRAMVectors               
00000000  g_pfnVectors                  
00002747  lcd_clear                     
00000e65  lcd_gotoLine                  
00000ccd  lcd_init                      
00000ecb  lcd_printf                    
00000d8d  lcd_putc                      
00000dc5  lcd_puts                      
00000de3  lcd_sendCommand               
00000e21  lcd_sendNibble                
00000e8d  lcd_setCursorPos              
00001c95  ldexp                         
00001c95  ldexpl                        
0000239b  ltoa                          
00002713  main                          
00002663  memccpy                       
00001f53  memcpy                        
00002199  memset                        
00001c95  scalbn                        
00001c95  scalbnl                       
000026af  strchr                        
00002697  strcmp                        
000026d9  strcpy                        
000026ed  strlen                        
000018b9  timer_getClock                
0000186d  timer_startClock              
00001807  timer_startTimer              
000018bf  timer_stopClock               
00001857  timer_stopTimer               
000017dd  timer_waitMicros              
000017a9  timer_waitMillis              
00001229  uart_init                     
000012ad  uart_init_interupt            
000013ab  uart_receive                  
0000138f  uart_sendChar                 
00002519  vsnprintf                     
00002725  wcslen                        


GLOBAL SYMBOLS: SORTED BY Symbol Address 

address   name                          
-------   ----                          
00000000  __TI_static_base__            
00000000  g_pfnVectors                  
0000026d  __TI_printfi                  
00000800  __STACK_SIZE                  
00000ccb  __aeabi_idiv0                 
00000ccb  __aeabi_ldiv0                 
00000ccd  lcd_init                      
00000d8d  lcd_putc                      
00000dc5  lcd_puts                      
00000de3  lcd_sendCommand               
00000e21  lcd_sendNibble                
00000e65  lcd_gotoLine                  
00000e8d  lcd_setCursorPos              
00000ecb  lcd_printf                    
00001229  uart_init                     
000012ad  uart_init_interupt            
000012f7  UART1_Handler                 
0000138f  uart_sendChar                 
000013ab  uart_receive                  
000015f1  __aeabi_dsub                  
000015fb  __aeabi_dadd                  
000017a9  timer_waitMillis              
000017dd  timer_waitMicros              
00001807  timer_startTimer              
00001857  timer_stopTimer               
0000186d  timer_startClock              
000018b9  timer_getClock                
000018bf  timer_stopClock               
00001a3d  __aeabi_ddiv                  
00001c95  ldexp                         
00001c95  ldexpl                        
00001c95  scalbn                        
00001c95  scalbnl                       
00001da5  __aeabi_dmul                  
00001f53  __aeabi_memcpy                
00001f53  __aeabi_memcpy4               
00001f53  __aeabi_memcpy8               
00001f53  memcpy                        
00001fef  __aeabi_uldivmod              
00002085  __aeabi_cdcmpeq               
00002085  __aeabi_cdcmple               
0000210b  __aeabi_cdrcmple              
00002191  __aeabi_memclr                
00002191  __aeabi_memclr4               
00002191  __aeabi_memclr8               
00002193  __aeabi_memset                
00002193  __aeabi_memset4               
00002193  __aeabi_memset8               
00002199  memset                        
00002279  __TI_decompress_lzss          
000022e1  frexp                         
000022e1  frexpl                        
0000239b  ltoa                          
00002441  atoi                          
0000248d  __aeabi_d2iz                  
000024d5  __TI_auto_init_nobinit_nopinit
00002519  vsnprintf                     
00002599  _c_int00_noargs               
000025d1  IntRegister                   
00002635  __aeabi_i2d                   
00002663  memccpy                       
00002697  strcmp                        
000026af  strchr                        
000026c5  copysign                      
000026c5  copysignl                     
000026d9  strcpy                        
000026ed  strlen                        
00002701  __TI_zero_init_nomemset       
00002713  main                          
00002725  wcslen                        
00002737  IntMasterEnable               
00002747  lcd_clear                     
00002757  __TI_decompress_none          
00002765  CPUcpsie                      
00002771  ResetISR                      
0000277d  __aeabi_errno_addr            
00002785  _system_pre_init              
00002789  C$$EXIT                       
00002789  abort                         
0000278c  _ctypes_                      
00002898  __TI_Handler_Table_Base       
000028a4  __TI_Handler_Table_Limit      
000028c0  __TI_CINIT_Base               
000028d8  __TI_CINIT_Limit              
20000000  g_pfnRAMVectors               
2000026c  errno                         
20000270  __stack                       
20000470  __STACK_TOP                   
20000a70  __STACK_END                   
ffffffff  __TI_pprof_out_hndl           
ffffffff  __TI_prof_data_size           
ffffffff  __TI_prof_data_start          
ffffffff  __binit__                     
ffffffff  __c_args__                    
ffffffff  binit                         
UNDEFED   __mpu_init                    
UNDEFED   _system_post_cinit            

[97 symbols]
