******************************************************************************
                  TI ARM Linker PC v18.1.2                     
******************************************************************************
>> Linked Tue Jul  9 15:25:58 2019

OUTPUT FILE NAME:   <lab_10.out>
ENTRY POINT SYMBOL: "_c_int00_noargs"  address: 00004f29


MEMORY CONFIGURATION

         name            origin    length      used     unused   attr    fill
----------------------  --------  ---------  --------  --------  ----  --------
  FLASH                 00000000   00040000  0000539d  0003ac63  R  X
  SRAM                  20000000   00008000  00001a68  00006598  RW X


SEGMENT ALLOCATION MAP

run origin  load origin   length   init length attrs members
----------  ----------- ---------- ----------- ----- -------
00000000    00000000    000053a0   000053a0    r-x
  00000000    00000000    0000026c   0000026c    r-- .intvecs
  0000026c    0000026c    00004f94   00004f94    r-x .text
  00005200    00005200    0000014d   0000014d    r-- .const
  00005350    00005350    00000050   00000050    r-- .cinit
20000000    20000000    00001a70   00000000    rw-
  20000000    20000000    0000026c   00000000    rw- .vtable
  20000270    20000270    00000bbc   00000000    rw- .bss
  20000e30    20000e30    00000800   00000000    rw- .stack
  20001630    20001630    00000400   00000000    rw- .sysmem
  20001a30    20001a30    00000040   00000000    rw- .data


SECTION ALLOCATION MAP

 output                                  attributes/
section   page    origin      length       input sections
--------  ----  ----------  ----------   ----------------
.intvecs   0    00000000    0000026c     
                  00000000    0000026c     tm4c123gh6pm_startup_ccs.obj (.intvecs)

.text      0    0000026c    00004f94     
                  0000026c    00000a88     open_interface.obj (.text)
                  00000cf4    00000a5e     rtsv7M4_T_le_v4SPD16_eabi.lib : _printfi.c.obj (.text:__TI_printfi)
                  00001752    00000002                                   : _lock.c.obj (.text:_nop)
                  00001754    000009c0                                   : e_pow.c.obj (.text:pow)
                  00002114    00000764     main.obj (.text)
                  00002878    00000524     function.obj (.text)
                  00002d9c    000002ec     lcd.obj (.text)
                  00003088    00000270     rtsv7M4_T_le_v4SPD16_eabi.lib : _printfi.c.obj (.text:_pconv_a)
                  000032f8    00000240     ping.obj (.text)
                  00003538    000001d0     rtsv7M4_T_le_v4SPD16_eabi.lib : _printfi.c.obj (.text:_pconv_g)
                  00003708    000001b6                                   : fd_add_t2.asm.obj (.text)
                  000038be    00000002                                   : div0.asm.obj (.text)
                  000038c0    0000019c     uart.obj (.text)
                  00003a5c    00000158     rtsv7M4_T_le_v4SPD16_eabi.lib : e_sqrt.c.obj (.text:sqrt)
                  00003bb4    00000158     timer.obj (.text)
                  00003d0c    0000013c     rtsv7M4_T_le_v4SPD16_eabi.lib : _printfi.c.obj (.text:_pconv_e)
                  00003e48    00000136                                   : fd_div_t2.asm.obj (.text)
                  00003f7e    00000002     --HOLE-- [fill = 0]
                  00003f80    00000120                                   : _printfi.c.obj (.text:fcvt)
                  000040a0    0000011c     movement.obj (.text)
                  000041bc    00000110     rtsv7M4_T_le_v4SPD16_eabi.lib : s_scalbn.c.obj (.text:scalbn)
                  000042cc    00000110     servo.obj (.text)
                  000043dc    000000fc     rtsv7M4_T_le_v4SPD16_eabi.lib : fd_mul_t2.asm.obj (.text)
                  000044d8    000000d8     adc.obj (.text)
                  000045b0    000000d8     rtsv7M4_T_le_v4SPD16_eabi.lib : memory.c.obj (.text:free)
                  00004688    000000b1                                   : _printfi.c.obj (.text:_ltostr)
                  00004739    00000001     --HOLE-- [fill = 0]
                  0000473a    0000009c                                   : memcpy_t2.asm.obj (.text)
                  000047d6    00000096                                   : ull_div_t2.asm.obj (.text)
                  0000486c    00000086                                   : fd_cmp_t2.asm.obj (.text:__aeabi_cdcmple)
                  000048f2    00000086                                   : fd_cmp_t2.asm.obj (.text:__aeabi_cdrcmple)
                  00004978    0000007a                                   : memset_t2.asm.obj (.text)
                  000049f2    00000002     --HOLE-- [fill = 0]
                  000049f4    00000078                                   : memory.c.obj (.text:malloc)
                  00004a6c    0000006e                                   : _printfi.c.obj (.text:_mcpy)
                  00004ada    0000006e                                   : fd_tos_t2.asm.obj (.text)
                  00004b48    00000068                                   : copy_decompress_lzss.c.obj (.text:decompress:lzss:__TI_decompress_lzss)
                  00004bb0    00000064                                   : s_frexp.c.obj (.text:frexp)
                  00004c14    00000056                                   : _printfi.c.obj (.text:_pconv_f)
                  00004c6a    00000054                                   : ltoa.c.obj (.text:ltoa)
                  00004cbe    00000052                                   : _printfi.c.obj (.text:_ecpy)
                  00004d10    0000004c                                   : atoi.c.obj (.text:atoi)
                  00004d5c    00000048                                   : fd_toi_t2.asm.obj (.text)
                  00004da4    00000044                                   : autoinit.c.obj (.text:__TI_auto_init_nobinit_nopinit:__TI_auto_init_nobinit_nopinit)
                  00004de8    00000044                                   : fd_tou_t2.asm.obj (.text)
                  00004e2c    00000040                                   : sprintf.c.obj (.text:sprintf)
                  00004e6c    00000040                                   : vsnprintf.c.obj (.text:vsnprintf)
                  00004eac    0000003e                                   : _printfi.c.obj (.text:_fcpy)
                  00004eea    00000002     --HOLE-- [fill = 0]
                  00004eec    0000003c                                   : memory.c.obj (.text:minsert)
                  00004f28    00000038                                   : boot_cortex_m.c.obj (.text:_c_int00_noargs:_c_int00_noargs)
                  00004f60    00000038                                   : memory.c.obj (.text:minit)
                  00004f98    00000038                                   : fs_tod_t2.asm.obj (.text)
                  00004fd0    00000034     driverlib.lib : interrupt.obj (.text:IntRegister)
                  00005004    00000030     rtsv7M4_T_le_v4SPD16_eabi.lib : vsnprintf.c.obj (.text:_outs)
                  00005034    0000002e                                   : i_tofd_t2.asm.obj (.text)
                  00005062    0000002a                                   : memory.c.obj (.text:calloc)
                  0000508c    00000028                                   : memory.c.obj (.text:mremove)
                  000050b4    0000001c                                   : memccpy.c.obj (.text:memccpy)
                  000050d0    00000018                                   : vsnprintf.c.obj (.text:_outc)
                  000050e8    00000018                                   : sprintf.c.obj (.text:_outs)
                  00005100    00000018     open_interface.obj (.text:oi_parseInt)
                  00005118    00000018     rtsv7M4_T_le_v4SPD16_eabi.lib : strcmp.c.obj (.text:strcmp)
                  00005130    00000016                                   : strchr.c.obj (.text:strchr)
                  00005146    00000014                                   : s_copysign.c.obj (.text:copysign)
                  0000515a    00000014                                   : strcpy.c.obj (.text:strcpy)
                  0000516e    00000014                                   : strlen.c.obj (.text:strlen)
                  00005182    00000012                                   : wcslen.c.obj (.text:wcslen)
                  00005194    00000010     driverlib.lib : interrupt.obj (.text:IntMasterEnable)
                  000051a4    00000010     lcd.obj (.text:lcd_clear)
                  000051b4    0000000e     rtsv7M4_T_le_v4SPD16_eabi.lib : copy_decompress_none.c.obj (.text:decompress:none:__TI_decompress_none)
                  000051c2    0000000c     driverlib.lib : cpu.obj (.text:CPUcpsie)
                  000051ce    0000000c     rtsv7M4_T_le_v4SPD16_eabi.lib : copy_zero_init.c.obj (.text:decompress:ZI:__TI_zero_init)
                  000051da    0000000c     tm4c123gh6pm_startup_ccs.obj (.text)
                  000051e6    0000000a     rtsv7M4_T_le_v4SPD16_eabi.lib : sprintf.c.obj (.text:_outc)
                  000051f0    00000008                                   : errno.c.obj (.text:__aeabi_errno_addr)
                  000051f8    00000004                                   : pre_init.c.obj (.text:_system_pre_init)
                  000051fc    00000004                                   : exit.c.obj (.text:abort:abort)

.const     0    00005200    0000014d     
                  00005200    00000101     rtsv7M4_T_le_v4SPD16_eabi.lib : ctype.c.obj (.const:.string:_ctypes_)
                  00005301    00000004     lcd.obj (.const:.string:lineAddress$1)
                  00005305    00000002     main.obj (.const:.string:$P$T0$1)
                  00005307    00000001     --HOLE-- [fill = 0]
                  00005308    00000030     rtsv7M4_T_le_v4SPD16_eabi.lib : e_pow.c.obj (.const:$O1$$)
                  00005338    0000000f     open_interface.obj (.const:.string:$P$T0$3)
                  00005347    00000004     lcd.obj (.const:.string:lineAddresses$2)
                  0000534b    00000002     main.obj (.const:.string:$P$T1$2)

.cinit     0    00005350    00000050     
                  00005350    00000019     (.cinit..data.load) [load image, compression = lzss]
                  00005369    00000003     --HOLE-- [fill = 0]
                  0000536c    0000000c     (__TI_handler_table)
                  00005378    00000008     (.cinit..bss.load) [load image, compression = zero_init]
                  00005380    00000008     (.cinit..vtable.load) [load image, compression = zero_init]
                  00005388    00000018     (__TI_cinit_table)

.init_array 
*          0    00000000    00000000     UNINITIALIZED

.vtable    0    20000000    0000026c     UNINITIALIZED
                  20000000    0000026c     driverlib.lib : interrupt.obj (.vtable)

.bss       0    20000270    00000bbc     UNINITIALIZED
                  20000270    00000b50     (.common:measurements)
                  20000dc0    00000054     lcd.obj (.bss:lastbuffer$3)
                  20000e14    00000018     open_interface.obj (.bss:firmware$2)

.stack     0    20000e30    00000800     UNINITIALIZED
                  20000e30    00000004     rtsv7M4_T_le_v4SPD16_eabi.lib : boot_cortex_m.c.obj (.stack)
                  20000e34    000007fc     --HOLE--

.sysmem    0    20001630    00000400     UNINITIALIZED
                  20001630    00000008     rtsv7M4_T_le_v4SPD16_eabi.lib : memory.c.obj (.sysmem)
                  20001638    000003f8     --HOLE--

.data      0    20001a30    00000040     UNINITIALIZED
                  20001a30    00000014     ping.obj (.data)
                  20001a44    00000010     open_interface.obj (.data)
                  20001a54    0000000c     rtsv7M4_T_le_v4SPD16_eabi.lib : memory.c.obj (.data:$O1$$)
                  20001a60    00000008                                   : _lock.c.obj (.data:$O1$$)
                  20001a68    00000004     main.obj (.data)
                  20001a6c    00000004     rtsv7M4_T_le_v4SPD16_eabi.lib : errno.c.obj (.data)

MODULE SUMMARY

       Module                         code    ro data   rw data
       ------                         ----    -------   -------
    .\
       main.obj                       1892    4         2900   
       open_interface.obj             2720    15        40     
       function.obj                   1316    0         0      
       lcd.obj                        764     8         84     
       tm4c123gh6pm_startup_ccs.obj   12      620       0      
       ping.obj                       576     0         20     
       uart.obj                       412     0         0      
       timer.obj                      344     0         0      
       movement.obj                   284     0         0      
       servo.obj                      272     0         0      
       adc.obj                        216     0         0      
    +--+------------------------------+-------+---------+---------+
       Total:                         8808    647       3044   
                                                               
    C:/ti/TivaWare_C_Series-2.1.4.178/driverlib/ccs/Debug/driverlib.lib
       interrupt.obj                  68      0         620    
       cpu.obj                        12      0         0      
    +--+------------------------------+-------+---------+---------+
       Total:                         80      0         620    
                                                               
    C:\ti\ccsv8\tools\compiler\ti-cgt-arm_18.1.2.LTS\lib\rtsv7M4_T_le_v4SPD16_eabi.lib
       _printfi.c.obj                 4863    0         0      
       e_pow.c.obj                    2496    48        0      
       memory.c.obj                   534     0         12     
       fd_add_t2.asm.obj              438     0         0      
       e_sqrt.c.obj                   344     0         0      
       fd_div_t2.asm.obj              310     0         0      
       s_scalbn.c.obj                 272     0         0      
       fd_cmp_t2.asm.obj              268     0         0      
       ctype.c.obj                    0       257       0      
       fd_mul_t2.asm.obj              252     0         0      
       memcpy_t2.asm.obj              156     0         0      
       ull_div_t2.asm.obj             150     0         0      
       vsnprintf.c.obj                136     0         0      
       memset_t2.asm.obj              122     0         0      
       fd_tos_t2.asm.obj              110     0         0      
       copy_decompress_lzss.c.obj     104     0         0      
       s_frexp.c.obj                  100     0         0      
       sprintf.c.obj                  98      0         0      
       ltoa.c.obj                     84      0         0      
       atoi.c.obj                     76      0         0      
       fd_toi_t2.asm.obj              72      0         0      
       autoinit.c.obj                 68      0         0      
       fd_tou_t2.asm.obj              68      0         0      
       boot_cortex_m.c.obj            56      0         0      
       fs_tod_t2.asm.obj              56      0         0      
       i_tofd_t2.asm.obj              46      0         0      
       memccpy.c.obj                  28      0         0      
       strcmp.c.obj                   24      0         0      
       strchr.c.obj                   22      0         0      
       s_copysign.c.obj               20      0         0      
       strcpy.c.obj                   20      0         0      
       strlen.c.obj                   20      0         0      
       wcslen.c.obj                   18      0         0      
       copy_decompress_none.c.obj     14      0         0      
       copy_zero_init.c.obj           12      0         0      
       errno.c.obj                    8       0         4      
       _lock.c.obj                    2       0         8      
       exit.c.obj                     4       0         0      
       pre_init.c.obj                 4       0         0      
       div0.asm.obj                   2       0         0      
    +--+------------------------------+-------+---------+---------+
       Total:                         11477   305       24     
                                                               
       Heap:                          0       0         1024   
       Stack:                         0       0         2048   
       Linker Generated:              0       77        0      
    +--+------------------------------+-------+---------+---------+
       Grand Total:                   20365   1029      6760   


LINKER GENERATED COPY TABLES

__TI_cinit_table @ 00005388 records: 3, size/record: 8, table size: 24
	.data: load addr=00005350, load size=00000019 bytes, run addr=20001a30, run size=00000040 bytes, compression=lzss
	.bss: load addr=00005378, load size=00000008 bytes, run addr=20000270, run size=00000bbc bytes, compression=zero_init
	.vtable: load addr=00005380, load size=00000008 bytes, run addr=20000000, run size=0000026c bytes, compression=zero_init


LINKER GENERATED HANDLER TABLE

__TI_handler_table @ 0000536c records: 3, size/record: 4, table size: 12
	index: 0, handler: __TI_zero_init
	index: 1, handler: __TI_decompress_lzss
	index: 2, handler: __TI_decompress_none


GLOBAL SYMBOLS: SORTED ALPHABETICALLY BY Name 

address   name                          
-------   ----                          
000051fd  C$$EXIT                       
000051c3  CPUcpsie                      
00000b65  GPIOF_Handler                 
00005195  IntMasterEnable               
00004fd1  IntRegister                   
000051db  ResetISR                      
00003491  TIMER3B_HANDLER               
000039e9  UART1_Handler                 
20001630  __STACK_END                   
00000800  __STACK_SIZE                  
20001030  __STACK_TOP                   
00000400  __SYSMEM_SIZE                 
00005388  __TI_CINIT_Base               
000053a0  __TI_CINIT_Limit              
0000536c  __TI_Handler_Table_Base       
00005378  __TI_Handler_Table_Limit      
00004da5  __TI_auto_init_nobinit_nopinit
00004b49  __TI_decompress_lzss          
000051b5  __TI_decompress_none          
ffffffff  __TI_pprof_out_hndl           
00000cf5  __TI_printfi                  
ffffffff  __TI_prof_data_size           
ffffffff  __TI_prof_data_start          
00000000  __TI_static_base__            
000051cf  __TI_zero_init                
0000486d  __aeabi_cdcmpeq               
0000486d  __aeabi_cdcmple               
000048f3  __aeabi_cdrcmple              
00004adb  __aeabi_d2f                   
00004d5d  __aeabi_d2iz                  
00004de9  __aeabi_d2uiz                 
00003713  __aeabi_dadd                  
00003e49  __aeabi_ddiv                  
000043dd  __aeabi_dmul                  
00003709  __aeabi_dsub                  
000051f1  __aeabi_errno_addr            
00004f99  __aeabi_f2d                   
00005035  __aeabi_i2d                   
000038bf  __aeabi_idiv0                 
000038bf  __aeabi_ldiv0                 
00004979  __aeabi_memclr                
00004979  __aeabi_memclr4               
00004979  __aeabi_memclr8               
0000473b  __aeabi_memcpy                
0000473b  __aeabi_memcpy4               
0000473b  __aeabi_memcpy8               
0000497b  __aeabi_memset                
0000497b  __aeabi_memset4               
0000497b  __aeabi_memset8               
000047d7  __aeabi_uldivmod              
ffffffff  __binit__                     
ffffffff  __c_args__                    
UNDEFED   __mpu_init                    
20000e30  __stack                       
00004f29  _c_int00_noargs               
00005200  _ctypes_                      
20001a60  _lock                         
00001753  _nop                          
20001630  _sys_memory                   
UNDEFED   _system_post_cinit            
000051f9  _system_pre_init              
20001a64  _unlock                       
000051fd  abort                         
000044d9  adc_init                      
00004559  adc_read                      
00004d11  atoi                          
000040e5  backward                      
ffffffff  binit                         
00005063  calloc                        
00005147  copysign                      
00005147  copysignl                     
20001a30  currentTime                   
20001a6c  errno                         
000045b1  free                          
00004bb1  frexp                         
00004bb1  frexpl                        
20000000  g_pfnRAMVectors               
00000000  g_pfnVectors                  
00000b7f  getDegrees                    
00000921  go_charge                     
20001a68  i                             
20001a34  lastTime                      
000051a5  lcd_clear                     
00002f35  lcd_gotoLine                  
00002d9d  lcd_init                      
00002f9b  lcd_printf                    
00002e5d  lcd_putc                      
00002e95  lcd_puts                      
00002eb3  lcd_sendCommand               
00002ef1  lcd_sendNibble                
00002f5d  lcd_setCursorPos              
000041bd  ldexp                         
000041bd  ldexpl                        
00004c6b  ltoa                          
00002115  main                          
000049f5  malloc                        
20000270  measurements                  
000050b5  memccpy                       
0000473b  memcpy                        
00004981  memset                        
00004f61  minit                         
000040a1  move                          
00002879  move_forward                  
00004363  move_servo                    
20001a40  num_overflows                 
0000026d  oi_alloc                      
00000a4b  oi_checkFirmware              
000002c3  oi_close                      
00000279  oi_free                       
000002ad  oi_init                       
00000289  oi_init_noupdate              
000008b7  oi_loadSong                   
00005101  oi_parseInt                   
00000327  oi_parsePacket                
0000090d  oi_play_song                  
00000831  oi_setLeds                    
00000875  oi_setWheels                  
00000af3  oi_shutoff_init               
0000092f  oi_uartInit                   
000009d3  oi_uartReceive                
00000a19  oi_uartSendBuff               
000009b7  oi_uartSendChar               
000009fb  oi_uartSendStr                
000002d5  oi_update                     
000032f9  ping_init                     
000033af  ping_read                     
00001755  pow                           
00001755  powl                          
20001a3c  pulse                         
000034d1  return_overflow               
000041bd  scalbn                        
000041bd  scalbnl                       
000023c9  scanSurface                   
00003421  send_pulse                    
000042cd  servo_init                    
00004e2d  sprintf                       
00003a5d  sqrt                          
00003a5d  sqrtl                         
00005131  strchr                        
00005119  strcmp                        
0000515b  strcpy                        
0000516f  strlen                        
00003cc5  timer_getClock                
00003c79  timer_startClock              
00003c13  timer_startTimer              
00003ccb  timer_stopClock               
00003c63  timer_stopTimer               
00003be9  timer_waitMicros              
00003bb5  timer_waitMillis              
00004127  turn_clockwise                
0000416d  turn_counterclockwise         
000038c1  uart_init                     
0000399d  uart_receive                  
00003981  uart_sendChar                 
000039c3  uart_sendStr                  
20001a38  updateFlag                    
00004e6d  vsnprintf                     
00005183  wcslen                        


GLOBAL SYMBOLS: SORTED BY Symbol Address 

address   name                          
-------   ----                          
00000000  __TI_static_base__            
00000000  g_pfnVectors                  
0000026d  oi_alloc                      
00000279  oi_free                       
00000289  oi_init_noupdate              
000002ad  oi_init                       
000002c3  oi_close                      
000002d5  oi_update                     
00000327  oi_parsePacket                
00000400  __SYSMEM_SIZE                 
00000800  __STACK_SIZE                  
00000831  oi_setLeds                    
00000875  oi_setWheels                  
000008b7  oi_loadSong                   
0000090d  oi_play_song                  
00000921  go_charge                     
0000092f  oi_uartInit                   
000009b7  oi_uartSendChar               
000009d3  oi_uartReceive                
000009fb  oi_uartSendStr                
00000a19  oi_uartSendBuff               
00000a4b  oi_checkFirmware              
00000af3  oi_shutoff_init               
00000b65  GPIOF_Handler                 
00000b7f  getDegrees                    
00000cf5  __TI_printfi                  
00001753  _nop                          
00001755  pow                           
00001755  powl                          
00002115  main                          
000023c9  scanSurface                   
00002879  move_forward                  
00002d9d  lcd_init                      
00002e5d  lcd_putc                      
00002e95  lcd_puts                      
00002eb3  lcd_sendCommand               
00002ef1  lcd_sendNibble                
00002f35  lcd_gotoLine                  
00002f5d  lcd_setCursorPos              
00002f9b  lcd_printf                    
000032f9  ping_init                     
000033af  ping_read                     
00003421  send_pulse                    
00003491  TIMER3B_HANDLER               
000034d1  return_overflow               
00003709  __aeabi_dsub                  
00003713  __aeabi_dadd                  
000038bf  __aeabi_idiv0                 
000038bf  __aeabi_ldiv0                 
000038c1  uart_init                     
00003981  uart_sendChar                 
0000399d  uart_receive                  
000039c3  uart_sendStr                  
000039e9  UART1_Handler                 
00003a5d  sqrt                          
00003a5d  sqrtl                         
00003bb5  timer_waitMillis              
00003be9  timer_waitMicros              
00003c13  timer_startTimer              
00003c63  timer_stopTimer               
00003c79  timer_startClock              
00003cc5  timer_getClock                
00003ccb  timer_stopClock               
00003e49  __aeabi_ddiv                  
000040a1  move                          
000040e5  backward                      
00004127  turn_clockwise                
0000416d  turn_counterclockwise         
000041bd  ldexp                         
000041bd  ldexpl                        
000041bd  scalbn                        
000041bd  scalbnl                       
000042cd  servo_init                    
00004363  move_servo                    
000043dd  __aeabi_dmul                  
000044d9  adc_init                      
00004559  adc_read                      
000045b1  free                          
0000473b  __aeabi_memcpy                
0000473b  __aeabi_memcpy4               
0000473b  __aeabi_memcpy8               
0000473b  memcpy                        
000047d7  __aeabi_uldivmod              
0000486d  __aeabi_cdcmpeq               
0000486d  __aeabi_cdcmple               
000048f3  __aeabi_cdrcmple              
00004979  __aeabi_memclr                
00004979  __aeabi_memclr4               
00004979  __aeabi_memclr8               
0000497b  __aeabi_memset                
0000497b  __aeabi_memset4               
0000497b  __aeabi_memset8               
00004981  memset                        
000049f5  malloc                        
00004adb  __aeabi_d2f                   
00004b49  __TI_decompress_lzss          
00004bb1  frexp                         
00004bb1  frexpl                        
00004c6b  ltoa                          
00004d11  atoi                          
00004d5d  __aeabi_d2iz                  
00004da5  __TI_auto_init_nobinit_nopinit
00004de9  __aeabi_d2uiz                 
00004e2d  sprintf                       
00004e6d  vsnprintf                     
00004f29  _c_int00_noargs               
00004f61  minit                         
00004f99  __aeabi_f2d                   
00004fd1  IntRegister                   
00005035  __aeabi_i2d                   
00005063  calloc                        
000050b5  memccpy                       
00005101  oi_parseInt                   
00005119  strcmp                        
00005131  strchr                        
00005147  copysign                      
00005147  copysignl                     
0000515b  strcpy                        
0000516f  strlen                        
00005183  wcslen                        
00005195  IntMasterEnable               
000051a5  lcd_clear                     
000051b5  __TI_decompress_none          
000051c3  CPUcpsie                      
000051cf  __TI_zero_init                
000051db  ResetISR                      
000051f1  __aeabi_errno_addr            
000051f9  _system_pre_init              
000051fd  C$$EXIT                       
000051fd  abort                         
00005200  _ctypes_                      
0000536c  __TI_Handler_Table_Base       
00005378  __TI_Handler_Table_Limit      
00005388  __TI_CINIT_Base               
000053a0  __TI_CINIT_Limit              
20000000  g_pfnRAMVectors               
20000270  measurements                  
20000e30  __stack                       
20001030  __STACK_TOP                   
20001630  __STACK_END                   
20001630  _sys_memory                   
20001a30  currentTime                   
20001a34  lastTime                      
20001a38  updateFlag                    
20001a3c  pulse                         
20001a40  num_overflows                 
20001a60  _lock                         
20001a64  _unlock                       
20001a68  i                             
20001a6c  errno                         
ffffffff  __TI_pprof_out_hndl           
ffffffff  __TI_prof_data_size           
ffffffff  __TI_prof_data_start          
ffffffff  __binit__                     
ffffffff  __c_args__                    
ffffffff  binit                         
UNDEFED   __mpu_init                    
UNDEFED   _system_post_cinit            

[158 symbols]
