******************************************************************************
                  TI ARM Linker PC v18.1.2                     
******************************************************************************
>> Linked Tue Jun 25 12:45:15 2019

OUTPUT FILE NAME:   <lab_7.out>
ENTRY POINT SYMBOL: "_c_int00_noargs"  address: 00003bbd


MEMORY CONFIGURATION

         name            origin    length      used     unused   attr    fill
----------------------  --------  ---------  --------  --------  ----  --------
  FLASH                 00000000   00040000  00004003  0003bffd  R  X
  SRAM                  20000000   00008000  00000f50  000070b0  RW X


SEGMENT ALLOCATION MAP

run origin  load origin   length   init length attrs members
----------  ----------- ---------- ----------- ----- -------
00000000    00000000    00004008   00004008    r-x
  00000000    00000000    0000026c   0000026c    r-- .intvecs
  0000026c    0000026c    00003c18   00003c18    r-x .text
  00003e84    00003e84    0000012f   0000012f    r-- .const
  00003fb8    00003fb8    00000050   00000050    r-- .cinit
20000000    20000000    00000f54   00000000    rw-
  20000000    20000000    0000026c   00000000    rw- .vtable
  20000270    20000270    00000800   00000000    rw- .stack
  20000a70    20000a70    00000400   00000000    rw- .sysmem
  20000e70    20000e70    000000b0   00000000    rw- .bss
  20000f20    20000f20    00000034   00000000    rw- .data


SECTION ALLOCATION MAP

 output                                  attributes/
section   page    origin      length       input sections
--------  ----  ----------  ----------   ----------------
.intvecs   0    00000000    0000026c     
                  00000000    0000026c     tm4c123gh6pm_startup_ccs.obj (.intvecs)

.text      0    0000026c    00003c18     
                  0000026c    00000a88     open_interface.obj (.text)
                  00000cf4    00000a5e     rtsv7M4_T_le_v4SPD16_eabi.lib : _printfi.c.obj (.text:__TI_printfi)
                  00001752    00000002                                   : _lock.c.obj (.text:_nop)
                  00001754    000002ec     lcd.obj (.text)
                  00001a40    000002a8     libcybotUART.lib : uart.obj (.text)
                  00001ce8    00000290     ping.obj (.text)
                  00001f78    00000270     rtsv7M4_T_le_v4SPD16_eabi.lib : _printfi.c.obj (.text:_pconv_a)
                  000021e8    00000238     movement.obj (.text)
                  00002420    000001f8     uart.obj (.text)
                  00002618    000001d0     rtsv7M4_T_le_v4SPD16_eabi.lib : _printfi.c.obj (.text:_pconv_g)
                  000027e8    000001b6                                   : fd_add_t2.asm.obj (.text)
                  0000299e    00000002                                   : div0.asm.obj (.text)
                  000029a0    00000158     timer.obj (.text)
                  00002af8    0000013c     rtsv7M4_T_le_v4SPD16_eabi.lib : _printfi.c.obj (.text:_pconv_e)
                  00002c34    00000136                                   : fd_div_t2.asm.obj (.text)
                  00002d6a    00000002     --HOLE-- [fill = 0]
                  00002d6c    00000130     lab7_template.obj (.text)
                  00002e9c    00000120     rtsv7M4_T_le_v4SPD16_eabi.lib : _printfi.c.obj (.text:fcvt)
                  00002fbc    00000110                                   : s_scalbn.c.obj (.text:scalbn)
                  000030cc    000000fc                                   : fd_mul_t2.asm.obj (.text)
                  000031c8    000000e8     adc.obj (.text)
                  000032b0    000000d8     rtsv7M4_T_le_v4SPD16_eabi.lib : memory.c.obj (.text:free)
                  00003388    000000b1                                   : _printfi.c.obj (.text:_ltostr)
                  00003439    00000001     --HOLE-- [fill = 0]
                  0000343a    0000009c                                   : memcpy_t2.asm.obj (.text)
                  000034d6    00000096                                   : ull_div_t2.asm.obj (.text)
                  0000356c    00000086                                   : fd_cmp_t2.asm.obj (.text:__aeabi_cdcmple)
                  000035f2    00000086                                   : fd_cmp_t2.asm.obj (.text:__aeabi_cdrcmple)
                  00003678    0000007a                                   : memset_t2.asm.obj (.text)
                  000036f2    00000002     --HOLE-- [fill = 0]
                  000036f4    00000078                                   : memory.c.obj (.text:malloc)
                  0000376c    0000006e                                   : _printfi.c.obj (.text:_mcpy)
                  000037da    00000068                                   : copy_decompress_lzss.c.obj (.text:decompress:lzss:__TI_decompress_lzss)
                  00003842    00000002     --HOLE-- [fill = 0]
                  00003844    00000064                                   : s_frexp.c.obj (.text:frexp)
                  000038a8    00000056                                   : _printfi.c.obj (.text:_pconv_f)
                  000038fe    00000054                                   : ltoa.c.obj (.text:ltoa)
                  00003952    00000052                                   : _printfi.c.obj (.text:_ecpy)
                  000039a4    0000004c                                   : atoi.c.obj (.text:atoi)
                  000039f0    00000048                                   : fd_toi_t2.asm.obj (.text)
                  00003a38    00000044                                   : autoinit.c.obj (.text:__TI_auto_init_nobinit_nopinit:__TI_auto_init_nobinit_nopinit)
                  00003a7c    00000044                                   : fd_tou_t2.asm.obj (.text)
                  00003ac0    00000040                                   : sprintf.c.obj (.text:sprintf)
                  00003b00    00000040                                   : vsnprintf.c.obj (.text:vsnprintf)
                  00003b40    0000003e                                   : _printfi.c.obj (.text:_fcpy)
                  00003b7e    00000002     --HOLE-- [fill = 0]
                  00003b80    0000003c                                   : memory.c.obj (.text:minsert)
                  00003bbc    00000038                                   : boot_cortex_m.c.obj (.text:_c_int00_noargs:_c_int00_noargs)
                  00003bf4    00000038                                   : memory.c.obj (.text:minit)
                  00003c2c    00000034     driverlib.lib : interrupt.obj (.text:IntRegister)
                  00003c60    00000030     rtsv7M4_T_le_v4SPD16_eabi.lib : vsnprintf.c.obj (.text:_outs)
                  00003c90    0000002e                                   : i_tofd_t2.asm.obj (.text)
                  00003cbe    0000002a                                   : memory.c.obj (.text:calloc)
                  00003ce8    00000028                                   : memory.c.obj (.text:mremove)
                  00003d10    00000020                                   : u_tofd_t2.asm.obj (.text)
                  00003d30    0000001c                                   : memccpy.c.obj (.text:memccpy)
                  00003d4c    00000018                                   : vsnprintf.c.obj (.text:_outc)
                  00003d64    00000018                                   : sprintf.c.obj (.text:_outs)
                  00003d7c    00000018     open_interface.obj (.text:oi_parseInt)
                  00003d94    00000018     rtsv7M4_T_le_v4SPD16_eabi.lib : strcmp.c.obj (.text:strcmp)
                  00003dac    00000016                                   : strchr.c.obj (.text:strchr)
                  00003dc2    00000014                                   : s_copysign.c.obj (.text:copysign)
                  00003dd6    00000014                                   : strcpy.c.obj (.text:strcpy)
                  00003dea    00000014                                   : strlen.c.obj (.text:strlen)
                  00003dfe    00000012                                   : copy_zero_init.c.obj (.text:decompress:ZI:__TI_zero_init_nomemset:__TI_zero_init_nomemset)
                  00003e10    00000012                                   : wcslen.c.obj (.text:wcslen)
                  00003e22    00000010     driverlib.lib : interrupt.obj (.text:IntMasterEnable)
                  00003e32    00000010     lcd.obj (.text:lcd_clear)
                  00003e42    0000000e     rtsv7M4_T_le_v4SPD16_eabi.lib : copy_decompress_none.c.obj (.text:decompress:none:__TI_decompress_none)
                  00003e50    0000000c     driverlib.lib : cpu.obj (.text:CPUcpsie)
                  00003e5c    0000000c     tm4c123gh6pm_startup_ccs.obj (.text)
                  00003e68    0000000a     rtsv7M4_T_le_v4SPD16_eabi.lib : sprintf.c.obj (.text:_outc)
                  00003e72    00000002     --HOLE-- [fill = 0]
                  00003e74    00000008                                   : errno.c.obj (.text:__aeabi_errno_addr)
                  00003e7c    00000004                                   : pre_init.c.obj (.text:_system_pre_init)
                  00003e80    00000004                                   : exit.c.obj (.text:abort:abort)

.const     0    00003e84    0000012f     
                  00003e84    00000101     rtsv7M4_T_le_v4SPD16_eabi.lib : ctype.c.obj (.const:.string:_ctypes_)
                  00003f85    00000015     lab7_template.obj (.const:.string:$P$T1$2)
                  00003f9a    0000000f     open_interface.obj (.const:.string:$P$T0$3)
                  00003fa9    00000004     lcd.obj (.const:.string:lineAddress$1)
                  00003fad    00000004     lcd.obj (.const:.string:lineAddresses$2)
                  00003fb1    00000002     lab7_template.obj (.const:.string:$P$T0$1)

.cinit     0    00003fb8    00000050     
                  00003fb8    00000018     (.cinit..data.load) [load image, compression = lzss]
                  00003fd0    0000000c     (__TI_handler_table)
                  00003fdc    00000004     --HOLE-- [fill = 0]
                  00003fe0    00000008     (.cinit..bss.load) [load image, compression = zero_init]
                  00003fe8    00000008     (.cinit..vtable.load) [load image, compression = zero_init]
                  00003ff0    00000018     (__TI_cinit_table)

.init_array 
*          0    00000000    00000000     UNINITIALIZED

.vtable    0    20000000    0000026c     UNINITIALIZED
                  20000000    0000026c     driverlib.lib : interrupt.obj (.vtable)

.stack     0    20000270    00000800     UNINITIALIZED
                  20000270    00000004     rtsv7M4_T_le_v4SPD16_eabi.lib : boot_cortex_m.c.obj (.stack)
                  20000274    000007fc     --HOLE--

.sysmem    0    20000a70    00000400     UNINITIALIZED
                  20000a70    00000008     rtsv7M4_T_le_v4SPD16_eabi.lib : memory.c.obj (.sysmem)
                  20000a78    000003f8     --HOLE--

.bss       0    20000e70    000000b0     UNINITIALIZED
                  20000e70    00000054     lcd.obj (.bss:lastbuffer$3)
                  20000ec4    00000034     (.common:isr_char_buffer)
                  20000ef8    00000018     open_interface.obj (.bss:firmware$2)
                  20000f10    00000004     (.common:dist)
                  20000f14    00000004     (.common:fall)
                  20000f18    00000004     (.common:rise)
                  20000f1c    00000004     (.common:time_diff)

.data      0    20000f20    00000034     UNINITIALIZED
                  20000f20    00000010     open_interface.obj (.data)
                  20000f30    0000000c     rtsv7M4_T_le_v4SPD16_eabi.lib : memory.c.obj (.data:$O1$$)
                  20000f3c    00000008                                   : _lock.c.obj (.data:$O1$$)
                  20000f44    00000008     ping.obj (.data)
                  20000f4c    00000004     libcybotUART.lib : uart.obj (.data)
                  20000f50    00000004     rtsv7M4_T_le_v4SPD16_eabi.lib : errno.c.obj (.data)

MODULE SUMMARY

       Module                         code    ro data   rw data
       ------                         ----    -------   -------
    .\
       open_interface.obj             2720    15        40     
       lcd.obj                        764     8         84     
       ping.obj                       656     0         24     
       tm4c123gh6pm_startup_ccs.obj   12      620       0      
       movement.obj                   568     0         0      
       uart.obj                       504     0         0      
       timer.obj                      344     0         0      
       lab7_template.obj              304     23        0      
       adc.obj                        232     0         0      
    +--+------------------------------+-------+---------+---------+
       Total:                         6104    666       148    
                                                               
    ../libcybotUART.lib
       uart.obj                       680     0         56     
    +--+------------------------------+-------+---------+---------+
       Total:                         680     0         56     
                                                               
    C:/ti/TivaWare_C_Series-2.1.4.178/driverlib/ccs/Debug/driverlib.lib
       interrupt.obj                  68      0         620    
       cpu.obj                        12      0         0      
    +--+------------------------------+-------+---------+---------+
       Total:                         80      0         620    
                                                               
    C:\ti\ccsv8\tools\compiler\ti-cgt-arm_18.1.2.LTS\lib\rtsv7M4_T_le_v4SPD16_eabi.lib
       _printfi.c.obj                 4863    0         0      
       memory.c.obj                   534     0         12     
       fd_add_t2.asm.obj              438     0         0      
       fd_div_t2.asm.obj              310     0         0      
       s_scalbn.c.obj                 272     0         0      
       fd_cmp_t2.asm.obj              268     0         0      
       ctype.c.obj                    0       257       0      
       fd_mul_t2.asm.obj              252     0         0      
       memcpy_t2.asm.obj              156     0         0      
       ull_div_t2.asm.obj             150     0         0      
       vsnprintf.c.obj                136     0         0      
       memset_t2.asm.obj              122     0         0      
       copy_decompress_lzss.c.obj     104     0         0      
       s_frexp.c.obj                  100     0         0      
       sprintf.c.obj                  98      0         0      
       ltoa.c.obj                     84      0         0      
       atoi.c.obj                     76      0         0      
       fd_toi_t2.asm.obj              72      0         0      
       autoinit.c.obj                 68      0         0      
       fd_tou_t2.asm.obj              68      0         0      
       boot_cortex_m.c.obj            56      0         0      
       i_tofd_t2.asm.obj              46      0         0      
       u_tofd_t2.asm.obj              32      0         0      
       memccpy.c.obj                  28      0         0      
       strcmp.c.obj                   24      0         0      
       strchr.c.obj                   22      0         0      
       s_copysign.c.obj               20      0         0      
       strcpy.c.obj                   20      0         0      
       strlen.c.obj                   20      0         0      
       copy_zero_init.c.obj           18      0         0      
       wcslen.c.obj                   18      0         0      
       copy_decompress_none.c.obj     14      0         0      
       errno.c.obj                    8       0         4      
       _lock.c.obj                    2       0         8      
       exit.c.obj                     4       0         0      
       pre_init.c.obj                 4       0         0      
       div0.asm.obj                   2       0         0      
    +--+------------------------------+-------+---------+---------+
       Total:                         8509    257       24     
                                                               
       Heap:                          0       0         1024   
       Stack:                         0       0         2048   
       Linker Generated:              0       76        0      
    +--+------------------------------+-------+---------+---------+
       Grand Total:                   15373   999       3920   


LINKER GENERATED COPY TABLES

__TI_cinit_table @ 00003ff0 records: 3, size/record: 8, table size: 24
	.data: load addr=00003fb8, load size=00000018 bytes, run addr=20000f20, run size=00000034 bytes, compression=lzss
	.bss: load addr=00003fe0, load size=00000008 bytes, run addr=20000e70, run size=000000b0 bytes, compression=zero_init
	.vtable: load addr=00003fe8, load size=00000008 bytes, run addr=20000000, run size=0000026c bytes, compression=zero_init


LINKER GENERATED HANDLER TABLE

__TI_handler_table @ 00003fd0 records: 3, size/record: 4, table size: 12
	index: 0, handler: __TI_zero_init
	index: 1, handler: __TI_decompress_lzss
	index: 2, handler: __TI_decompress_none


GLOBAL SYMBOLS: SORTED ALPHABETICALLY BY Name 

address   name                          
-------   ----                          
00003e81  C$$EXIT                       
00003e51  CPUcpsie                      
00000b65  GPIOF_Handler                 
00003e23  IntMasterEnable               
00003c2d  IntRegister                   
00003e5d  ResetISR                      
00001e8f  TIMER3B_Handler               
000024ef  UART1_Handler                 
20000a70  __STACK_END                   
00000800  __STACK_SIZE                  
20000470  __STACK_TOP                   
00000400  __SYSMEM_SIZE                 
00003ff0  __TI_CINIT_Base               
00004008  __TI_CINIT_Limit              
00003fd0  __TI_Handler_Table_Base       
00003fdc  __TI_Handler_Table_Limit      
00003a39  __TI_auto_init_nobinit_nopinit
000037db  __TI_decompress_lzss          
00003e43  __TI_decompress_none          
ffffffff  __TI_pprof_out_hndl           
00000cf5  __TI_printfi                  
ffffffff  __TI_prof_data_size           
ffffffff  __TI_prof_data_start          
00000000  __TI_static_base__            
00003dff  __TI_zero_init_nomemset       
0000356d  __aeabi_cdcmpeq               
0000356d  __aeabi_cdcmple               
000035f3  __aeabi_cdrcmple              
000039f1  __aeabi_d2iz                  
00003a7d  __aeabi_d2uiz                 
000027f3  __aeabi_dadd                  
00002c35  __aeabi_ddiv                  
000030cd  __aeabi_dmul                  
000027e9  __aeabi_dsub                  
00003e75  __aeabi_errno_addr            
00003c91  __aeabi_i2d                   
0000299f  __aeabi_idiv0                 
0000299f  __aeabi_ldiv0                 
00003679  __aeabi_memclr                
00003679  __aeabi_memclr4               
00003679  __aeabi_memclr8               
0000343b  __aeabi_memcpy                
0000343b  __aeabi_memcpy4               
0000343b  __aeabi_memcpy8               
0000367b  __aeabi_memset                
0000367b  __aeabi_memset4               
0000367b  __aeabi_memset8               
00003d11  __aeabi_ui2d                  
000034d7  __aeabi_uldivmod              
ffffffff  __binit__                     
ffffffff  __c_args__                    
UNDEFED   __mpu_init                    
20000270  __stack                       
00003bbd  _c_int00_noargs               
00003e84  _ctypes_                      
20000f3c  _lock                         
00001753  _nop                          
20000a70  _sys_memory                   
UNDEFED   _system_post_cinit            
00003e7d  _system_pre_init              
20000f40  _unlock                       
00003e81  abort                         
000031c9  adc_init                      
00003255  adc_read                      
000039a5  atoi                          
ffffffff  binit                         
00003cbf  calloc                        
00003dc3  copysign                      
00003dc3  copysignl                     
00001c8d  cyBot_UART1_Handler           
00001c7f  cyBot_getByte_blocking        
00001c5f  cyBot_getByte_nonblocking     
00001a41  cyBot_sendByte                
00001c45  cyBot_uart_flush              
00001baf  cyBot_uart_init               
00001b4f  cyBot_uart_init_PHJ_first_half
00001af7  cyBot_uart_init_clean         
00001a7f  cyBot_uart_init_last_half     
00001a67  cyBot_uart_sendBuffer         
00001a4d  cyBot_uart_sendStr            
20000f10  dist                          
20000f50  errno                         
20000f14  fall                          
20000f44  flag                          
000032b1  free                          
00003845  frexp                         
00003845  frexpl                        
20000000  g_pfnRAMVectors               
00000000  g_pfnVectors                  
00000b7f  getDegrees                    
00000921  go_charge                     
20000ec4  isr_char_buffer               
20000f4c  isr_counter                   
00003e33  lcd_clear                     
000018ed  lcd_gotoLine                  
00001755  lcd_init                      
00001953  lcd_printf                    
00001815  lcd_putc                      
0000184d  lcd_puts                      
0000186b  lcd_sendCommand               
000018a9  lcd_sendNibble                
00001915  lcd_setCursorPos              
00002fbd  ldexp                         
00002fbd  ldexpl                        
000038ff  ltoa                          
00002d6d  main                          
000036f5  malloc                        
00003d31  memccpy                       
0000343b  memcpy                        
00003681  memset                        
00003bf5  minit                         
00002301  move                          
00002345  move_back                     
000021e9  move_forward                  
0000026d  oi_alloc                      
00000a4b  oi_checkFirmware              
000002c3  oi_close                      
00000279  oi_free                       
000002ad  oi_init                       
00000289  oi_init_noupdate              
000008b7  oi_loadSong                   
00003d7d  oi_parseInt                   
00000327  oi_parsePacket                
0000090d  oi_play_song                  
00000831  oi_setLeds                    
00000875  oi_setWheels                  
00000af3  oi_shutoff_init               
0000092f  oi_uartInit                   
000009d3  oi_uartReceive                
00000a19  oi_uartSendBuff               
000009b7  oi_uartSendChar               
000009fb  oi_uartSendStr                
000002d5  oi_update                     
20000f48  overflow                      
00001ce9  ping_init                     
00001e25  ping_read                     
00001df9  pulse_read                    
00001e19  read_pulse                    
20000f18  rise                          
00002fbd  scalbn                        
00002fbd  scalbnl                       
00001d7d  send_pulse                    
00003ac1  sprintf                       
00003dad  strchr                        
00003d95  strcmp                        
00003dd7  strcpy                        
00003deb  strlen                        
00001ee1  time2dist                     
20000f1c  time_diff                     
00002ab1  timer_getClock                
00002a65  timer_startClock              
000029ff  timer_startTimer              
00002ab7  timer_stopClock               
00002a4f  timer_stopTimer               
000029d5  timer_waitMicros              
000029a1  timer_waitMillis              
00002387  turn_clockwise                
000023cf  turn_counterclockwise         
00002421  uart_init                     
000024a5  uart_init_interupt            
000025a3  uart_receive                  
00002587  uart_sendChar                 
00003b01  vsnprintf                     
00003e11  wcslen                        


GLOBAL SYMBOLS: SORTED BY Symbol Address 

address   name                          
-------   ----                          
00000000  __TI_static_base__            
00000000  g_pfnVectors                  
0000026d  oi_alloc                      
00000279  oi_free                       
00000289  oi_init_noupdate              
000002ad  oi_init                       
000002c3  oi_close                      
000002d5  oi_update                     
00000327  oi_parsePacket                
00000400  __SYSMEM_SIZE                 
00000800  __STACK_SIZE                  
00000831  oi_setLeds                    
00000875  oi_setWheels                  
000008b7  oi_loadSong                   
0000090d  oi_play_song                  
00000921  go_charge                     
0000092f  oi_uartInit                   
000009b7  oi_uartSendChar               
000009d3  oi_uartReceive                
000009fb  oi_uartSendStr                
00000a19  oi_uartSendBuff               
00000a4b  oi_checkFirmware              
00000af3  oi_shutoff_init               
00000b65  GPIOF_Handler                 
00000b7f  getDegrees                    
00000cf5  __TI_printfi                  
00001753  _nop                          
00001755  lcd_init                      
00001815  lcd_putc                      
0000184d  lcd_puts                      
0000186b  lcd_sendCommand               
000018a9  lcd_sendNibble                
000018ed  lcd_gotoLine                  
00001915  lcd_setCursorPos              
00001953  lcd_printf                    
00001a41  cyBot_sendByte                
00001a4d  cyBot_uart_sendStr            
00001a67  cyBot_uart_sendBuffer         
00001a7f  cyBot_uart_init_last_half     
00001af7  cyBot_uart_init_clean         
00001b4f  cyBot_uart_init_PHJ_first_half
00001baf  cyBot_uart_init               
00001c45  cyBot_uart_flush              
00001c5f  cyBot_getByte_nonblocking     
00001c7f  cyBot_getByte_blocking        
00001c8d  cyBot_UART1_Handler           
00001ce9  ping_init                     
00001d7d  send_pulse                    
00001df9  pulse_read                    
00001e19  read_pulse                    
00001e25  ping_read                     
00001e8f  TIMER3B_Handler               
00001ee1  time2dist                     
000021e9  move_forward                  
00002301  move                          
00002345  move_back                     
00002387  turn_clockwise                
000023cf  turn_counterclockwise         
00002421  uart_init                     
000024a5  uart_init_interupt            
000024ef  UART1_Handler                 
00002587  uart_sendChar                 
000025a3  uart_receive                  
000027e9  __aeabi_dsub                  
000027f3  __aeabi_dadd                  
0000299f  __aeabi_idiv0                 
0000299f  __aeabi_ldiv0                 
000029a1  timer_waitMillis              
000029d5  timer_waitMicros              
000029ff  timer_startTimer              
00002a4f  timer_stopTimer               
00002a65  timer_startClock              
00002ab1  timer_getClock                
00002ab7  timer_stopClock               
00002c35  __aeabi_ddiv                  
00002d6d  main                          
00002fbd  ldexp                         
00002fbd  ldexpl                        
00002fbd  scalbn                        
00002fbd  scalbnl                       
000030cd  __aeabi_dmul                  
000031c9  adc_init                      
00003255  adc_read                      
000032b1  free                          
0000343b  __aeabi_memcpy                
0000343b  __aeabi_memcpy4               
0000343b  __aeabi_memcpy8               
0000343b  memcpy                        
000034d7  __aeabi_uldivmod              
0000356d  __aeabi_cdcmpeq               
0000356d  __aeabi_cdcmple               
000035f3  __aeabi_cdrcmple              
00003679  __aeabi_memclr                
00003679  __aeabi_memclr4               
00003679  __aeabi_memclr8               
0000367b  __aeabi_memset                
0000367b  __aeabi_memset4               
0000367b  __aeabi_memset8               
00003681  memset                        
000036f5  malloc                        
000037db  __TI_decompress_lzss          
00003845  frexp                         
00003845  frexpl                        
000038ff  ltoa                          
000039a5  atoi                          
000039f1  __aeabi_d2iz                  
00003a39  __TI_auto_init_nobinit_nopinit
00003a7d  __aeabi_d2uiz                 
00003ac1  sprintf                       
00003b01  vsnprintf                     
00003bbd  _c_int00_noargs               
00003bf5  minit                         
00003c2d  IntRegister                   
00003c91  __aeabi_i2d                   
00003cbf  calloc                        
00003d11  __aeabi_ui2d                  
00003d31  memccpy                       
00003d7d  oi_parseInt                   
00003d95  strcmp                        
00003dad  strchr                        
00003dc3  copysign                      
00003dc3  copysignl                     
00003dd7  strcpy                        
00003deb  strlen                        
00003dff  __TI_zero_init_nomemset       
00003e11  wcslen                        
00003e23  IntMasterEnable               
00003e33  lcd_clear                     
00003e43  __TI_decompress_none          
00003e51  CPUcpsie                      
00003e5d  ResetISR                      
00003e75  __aeabi_errno_addr            
00003e7d  _system_pre_init              
00003e81  C$$EXIT                       
00003e81  abort                         
00003e84  _ctypes_                      
00003fd0  __TI_Handler_Table_Base       
00003fdc  __TI_Handler_Table_Limit      
00003ff0  __TI_CINIT_Base               
00004008  __TI_CINIT_Limit              
20000000  g_pfnRAMVectors               
20000270  __stack                       
20000470  __STACK_TOP                   
20000a70  __STACK_END                   
20000a70  _sys_memory                   
20000ec4  isr_char_buffer               
20000f10  dist                          
20000f14  fall                          
20000f18  rise                          
20000f1c  time_diff                     
20000f3c  _lock                         
20000f40  _unlock                       
20000f44  flag                          
20000f48  overflow                      
20000f4c  isr_counter                   
20000f50  errno                         
ffffffff  __TI_pprof_out_hndl           
ffffffff  __TI_prof_data_size           
ffffffff  __TI_prof_data_start          
ffffffff  __binit__                     
ffffffff  __c_args__                    
ffffffff  binit                         
UNDEFED   __mpu_init                    
UNDEFED   _system_post_cinit            

[164 symbols]
